Microchip MPLAB XC8 Compiler V1.38 ()

Linker command line:

-W-3 --edf=/opt/microchip/xc8/v1.38/dat/en_msgs.txt -cs \
  -h+dist/default/production/RF24Mesh_Example.X.production.sym \
  --cmf=dist/default/production/RF24Mesh_Example.X.production.cmf -z \
  -Q18F4620 -o/tmp/xcXvf0Vd7 \
  -Mdist/default/production/RF24Mesh_Example.X.production.map -E1 -ver=XC8 \
  -ASTACK=02D8h-0f7fh -pstack=STACK -ACODE=00h-0FFFFh -ACONST=00h-0FFFFh \
  -ASMALLCONST=01000h-010FFhx240 -AMEDIUMCONST=01000h-0FFFFh \
  -ACOMRAM=01h-07Fh -AABS1=00h-0F7Fh -ABIGRAM=01h-0F7Fh \
  -ARAM=080h-0FFh,0100h-01FFhx14,0F00h-0F7Fh -ABANK0=080h-0FFh \
  -ABANK1=0100h-01FFh -ABANK2=0200h-02FFh -ABANK3=0300h-03FFh \
  -ABANK4=0400h-04FFh -ABANK5=0500h-05FFh -ABANK6=0600h-06FFh \
  -ABANK7=0700h-07FFh -ABANK8=0800h-08FFh -ABANK9=0900h-09FFh \
  -ABANK10=0A00h-0AFFh -ABANK11=0B00h-0BFFh -ABANK12=0C00h-0CFFh \
  -ABANK13=0D00h-0DFFh -ABANK14=0E00h-0EFFh -ABANK15=0F00h-0F7Fh \
  -ASFR=0F80h-0FFFh \
  -preset_vec=00h,intcode=08h,intcodelo,powerup,init,end_init \
  -pramtop=01000h -psmallconst=SMALLCONST -pmediumconst=MEDIUMCONST \
  -pconst=CONST -AFARRAM=00h-00h -ACONFIG=0300000h-030000Dh -pconfig=CONFIG \
  -AIDLOC=0200000h-0200007h -pidloc=IDLOC -AEEDATA=0F00000h-0F003FFh \
  -peeprom_data=EEDATA \
  -prdata=COMRAM,nvrram=COMRAM,nvbit=COMRAM,rbss=COMRAM,rbit=COMRAM \
  -pfarbss=FARRAM,fardata=FARRAM,nvFARRAM=FARRAM \
  -pintsave_regs=BIGRAM,bigbss=BIGRAM,bigdata=BIGRAM -pbss=RAM \
  -pidata=CODE,irdata=CODE,ibigdata=CODE,ifardata=CODE -prparam=COMRAM \
  /tmp/xcX23Xc13.obj \
  dist/default/production/RF24Mesh_Example.X.production.obj 

Object code version is 3.11

Machine type is 18F4620

Call graph: (short form)




                Name                               Link     Load   Length Selector   Space Scale
/tmp/xcX23Xc13.obj
                stack                               2D8      2D8      CA8      2D8       2
                end_init                             18       18        4        4       0
                init                                 14       14        4        4       0
                reset_vec                             0        0        4        0       0
                idloc                            200000   200000        8   200000       0
                config                           300000   300000        E   300000       0
dist/default/production/RF24Mesh_Example.X.production.obj
                intcode                               8        8        C        4       0
                temp                                 51       51        C        1       1
                mediumconst                        FD88     FD88      278     7EC4       0
                intcode_body                       74DA     74DA       2A        4       0
                text97                             670A     670A       A8        4       0
                text96                             7326     7326       48        4       0
                text95                             5B22     5B22      10A        4       0
                text94                             5F24     5F24       F2        4       0
                text93                             7292     7292       4C        4       0
                text92                             58E2     58E2      134        4       0
                text91                             1EAA     1EAA      46C        4       0
                text90                              B74      B74      7C0        4       0
                text89                             65AE     65AE       B0        4       0
                text88                             76A2     76A2       12        4       0
                text87                             7246     7246       4C        4       0
                text86                             6CF0     6CF0       70        4       0
                text85                             7048     7048       66        4       0
                text84                             6F7A     6F7A       68        4       0
                text83                             71F8     71F8       4E        4       0
                text82                             7664     7664       18        4       0
                text81                             71AA     71AA       4E        4       0
                text80                             6984     6984       96        4       0
                text79                             736E     736E       44        4       0
                text78                             6F12     6F12       68        4       0
                text77                             764C     764C       18        4       0
                text76                             715C     715C       4E        4       0
                text75                             7634     7634       18        4       0
                text74                             761C     761C       18        4       0
                text73                             767C     767C       14        4       0
                text72                             7432     7432       3E        4       0
                text71                             32CE     32CE      2C8        4       0
                text70                             6C80     6C80       70        4       0
                text69                             4CEE     4CEE      1C0        4       0
                text68                             5A16     5A16      10C        4       0
                text67                             54CC     54CC      16C        4       0
                text66                             6EA6     6EA6       6C        4       0
                text65                             6B98     6B98       76        4       0
                text64                             37EE     37EE      254        4       0
                text63                             6E3A     6E3A       6C        4       0
                text62                             6DCE     6DCE       6C        4       0
                text61                             665E     665E       AC        4       0
                text60                             4B0C     4B0C      1E2        4       0
                text59                             6104     6104       EA        4       0
                text58                             5E32     5E32       F2        4       0
                text57                               1C       1C      B58        4       0
                text56                             578E     578E      154        4       0
                text55                             73F4     73F4       3E        4       0
                text54                             7604     7604       18        4       0
                text53                             6D60     6D60       6E        4       0
                text52                             6AA8     6AA8       7A        4       0
                text51                             5048     5048      18A        4       0
                text50                             6384     6384       BC        4       0
                text49                             68EE     68EE       96        4       0
                text48                             1334     1334      5D6        4       0
                text47                             73B2     73B2       42        4       0
                text46                             275A     275A      2E6        4       0
                text45                             2FF6     2FF6      2D8        4       0
                text44                             7690     7690       12        4       0
                text43                             6C0E     6C0E       72        4       0
                text42                             7552     7552       26        4       0
                text41                             4912     4912      1FA        4       0
                text40                             2316     2316      444        4       0
                text39                             75B4     75B4       1C        4       0
                text38                             5350     5350      17C        4       0
                text37                             3C76     3C76      228        4       0
                text36                             6B22     6B22       76        4       0
                text35                             44FA     44FA      21A        4       0
                text34                             710C     710C       50        4       0
                text33                             7470     7470       38        4       0
                text32                             2D1C     2D1C      2DA        4       0
                text31                             752C     752C       26        4       0
                text30                             67B2     67B2       A2        4       0
                text29                             190A     190A      5A0        4       0
                text28                             7598     7598       1C        4       0
                text27                             6A1A     6A1A       8E        4       0
                text26                             3596     3596      258        4       0
                text25                             6440     6440       B8        4       0
                text24                             51D2     51D2      17E        4       0
                text23                             4714     4714      1FE        4       0
                text22                             3E9E     3E9E      220        4       0
                text21                             76C2     76C2        E        4       0
                text20                             64F8     64F8       B6        4       0
                text19                             7578     7578       20        4       0
                text18                             5D30     5D30      102        4       0
                text17                             61EE     61EE       D6        4       0
                text16                             3A42     3A42      234        4       0
                text15                             72DE     72DE       48        4       0
                text14                             4EAE     4EAE      19A        4       0
                text13                             76D0     76D0        6        4       0
                text12                             5C2C     5C2C      104        4       0
                text11                             74A8     74A8       32        4       0
                text10                             75EA     75EA       1A        4       0
                text9                              2A40     2A40      2DC        4       0
                text8                              42DC     42DC      21E        4       0
                text7                              40BE     40BE      21E        4       0
                text6                              6FE2     6FE2       66        4       0
                text5                              75D0     75D0       1A        4       0
                text4                              5638     5638      156        4       0
                text3                              6016     6016       EE        4       0
                text2                              62C4     62C4       C0        4       0
                text1                              6854     6854       9A        4       0
                text0                              7504     7504       28        4       0
                cstackCOMRAM                         5D       5D        2        1       1
                bssBIGRAM                           164      164      174      164       1
                bssBANK1                            100      100       64      100       1
                bssBANK0                             80       80       2D       80       1
                dataCOMRAM                           43       43        E        1       1
                bssCOMRAM                             1        1       42        1       1
                cinit                              70AE     70AE       5E        4       0
                idataCOMRAM                        76B4     76B4        E        4       0

TOTAL           Name                               Link     Load   Length     Space
        CLASS   STACK          
                stack                               2D8      2D8      CA8         2

        CLASS   CODE           
                end_init                             18       18        4         0
                init                                 14       14        4         0
                intcode                               8        8        C         0
                reset_vec                             0        0        4         0
                intcode_body                       74DA     74DA       2A         0
                text97                             670A     670A       A8         0
                text96                             7326     7326       48         0
                text95                             5B22     5B22      10A         0
                text94                             5F24     5F24       F2         0
                text93                             7292     7292       4C         0
                text92                             58E2     58E2      134         0
                text91                             1EAA     1EAA      46C         0
                text90                              B74      B74      7C0         0
                text89                             65AE     65AE       B0         0
                text88                             76A2     76A2       12         0
                text87                             7246     7246       4C         0
                text86                             6CF0     6CF0       70         0
                text85                             7048     7048       66         0
                text84                             6F7A     6F7A       68         0
                text83                             71F8     71F8       4E         0
                text82                             7664     7664       18         0
                text81                             71AA     71AA       4E         0
                text80                             6984     6984       96         0
                text79                             736E     736E       44         0
                text78                             6F12     6F12       68         0
                text77                             764C     764C       18         0
                text76                             715C     715C       4E         0
                text75                             7634     7634       18         0
                text74                             761C     761C       18         0
                text73                             767C     767C       14         0
                text72                             7432     7432       3E         0
                text71                             32CE     32CE      2C8         0
                text70                             6C80     6C80       70         0
                text69                             4CEE     4CEE      1C0         0
                text68                             5A16     5A16      10C         0
                text67                             54CC     54CC      16C         0
                text66                             6EA6     6EA6       6C         0
                text65                             6B98     6B98       76         0
                text64                             37EE     37EE      254         0
                text63                             6E3A     6E3A       6C         0
                text62                             6DCE     6DCE       6C         0
                text61                             665E     665E       AC         0
                text60                             4B0C     4B0C      1E2         0
                text59                             6104     6104       EA         0
                text58                             5E32     5E32       F2         0
                text57                               1C       1C      B58         0
                text56                             578E     578E      154         0
                text55                             73F4     73F4       3E         0
                text54                             7604     7604       18         0
                text53                             6D60     6D60       6E         0
                text52                             6AA8     6AA8       7A         0
                text51                             5048     5048      18A         0
                text50                             6384     6384       BC         0
                text49                             68EE     68EE       96         0
                text48                             1334     1334      5D6         0
                text47                             73B2     73B2       42         0
                text46                             275A     275A      2E6         0
                text45                             2FF6     2FF6      2D8         0
                text44                             7690     7690       12         0
                text43                             6C0E     6C0E       72         0
                text42                             7552     7552       26         0
                text41                             4912     4912      1FA         0
                text40                             2316     2316      444         0
                text39                             75B4     75B4       1C         0
                text38                             5350     5350      17C         0
                text37                             3C76     3C76      228         0
                text36                             6B22     6B22       76         0
                text35                             44FA     44FA      21A         0
                text34                             710C     710C       50         0
                text33                             7470     7470       38         0
                text32                             2D1C     2D1C      2DA         0
                text31                             752C     752C       26         0
                text30                             67B2     67B2       A2         0
                text29                             190A     190A      5A0         0
                text28                             7598     7598       1C         0
                text27                             6A1A     6A1A       8E         0
                text26                             3596     3596      258         0
                text25                             6440     6440       B8         0
                text24                             51D2     51D2      17E         0
                text23                             4714     4714      1FE         0
                text22                             3E9E     3E9E      220         0
                text21                             76C2     76C2        E         0
                text20                             64F8     64F8       B6         0
                text19                             7578     7578       20         0
                text18                             5D30     5D30      102         0
                text17                             61EE     61EE       D6         0
                text16                             3A42     3A42      234         0
                text15                             72DE     72DE       48         0
                text14                             4EAE     4EAE      19A         0
                text13                             76D0     76D0        6         0
                text12                             5C2C     5C2C      104         0
                text11                             74A8     74A8       32         0
                text10                             75EA     75EA       1A         0
                text9                              2A40     2A40      2DC         0
                text8                              42DC     42DC      21E         0
                text7                              40BE     40BE      21E         0
                text6                              6FE2     6FE2       66         0
                text5                              75D0     75D0       1A         0
                text4                              5638     5638      156         0
                text3                              6016     6016       EE         0
                text2                              62C4     62C4       C0         0
                text1                              6854     6854       9A         0
                text0                              7504     7504       28         0
                cinit                              70AE     70AE       5E         0
                idataCOMRAM                        76B4     76B4        E         0

        CLASS   CONST          

        CLASS   SMALLCONST     

        CLASS   MEDIUMCONST    
                mediumconst                        FD88     FD88      278         0

        CLASS   COMRAM         
                temp                                 51       51        C         1
                cstackCOMRAM                         5D       5D        2         1
                dataCOMRAM                           43       43        E         1
                bssCOMRAM                             1        1       42         1

        CLASS   ABS1           

        CLASS   BIGRAM         
                bssBIGRAM                           164      164      174         1

        CLASS   RAM            

        CLASS   BANK0          
                bssBANK0                             80       80       2D         1

        CLASS   BANK1          
                bssBANK1                            100      100       64         1

        CLASS   BANK2          

        CLASS   BANK3          

        CLASS   BANK4          

        CLASS   BANK5          

        CLASS   BANK6          

        CLASS   BANK7          

        CLASS   BANK8          

        CLASS   BANK9          

        CLASS   BANK10         

        CLASS   BANK11         

        CLASS   BANK12         

        CLASS   BANK13         

        CLASS   BANK14         

        CLASS   BANK15         

        CLASS   SFR            

        CLASS   FARRAM         

        CLASS   CONFIG         
                config                           300000   300000        E         0

        CLASS   IDLOC          
                idloc                            200000   200000        8         0

        CLASS   EEDATA         



SEGMENTS        Name                           Load    Length   Top    Selector   Space  Class

                reset_vec                      000000  000004  000004         0       0  CODE    
                bssCOMRAM                      000001  00005E  00005F         1       1  COMRAM  
                intcode                        000008  0076CE  0076D6         4       0  CODE    
                bssBANK0                       000080  00002D  0000AD        80       1  BANK0   
                bssBANK1                       000100  000064  000164       100       1  BANK1   
                bssBIGRAM                      000164  000174  0002D8       164       1  BIGRAM  
                stack                          0002D8  000CA8  000F80       2D8       2  STACK   
                mediumconst                    00FD88  000278  010000      7EC4       0  MEDIUMCO
                idloc                          200000  000008  200008    200000       0  IDLOC   
                config                         300000  00000E  30000E    300000       0  CONFIG  


UNUSED ADDRESS RANGES

        Name                Unused          Largest block    Delta
        BANK0            0000AD-0000FF               53
        BANK10           000A00-000AFF              100
        BANK11           000B00-000BFF              100
        BANK12           000C00-000CFF              100
        BANK13           000D00-000DFF              100
        BANK14           000E00-000EFF              100
        BANK15           000F00-000F7F               80
        BANK2            0002D8-0002FF               28
        BANK3            000300-0003FF              100
        BANK4            000400-0004FF              100
        BANK5            000500-0005FF              100
        BANK6            000600-0006FF              100
        BANK7            000700-0007FF              100
        BANK8            000800-0008FF              100
        BANK9            000900-0009FF              100
        BIGRAM           00005F-00007F               21
                         0000AD-0000FF               53
                         0002D8-000F7F              CA8
        CODE             000004-000007                4
                         0076D6-00FD87             86B2
        COMRAM           00005F-00007F               21
        CONST            000004-000007                4
                         0076D6-00FD87             86B2
        EEDATA           F00000-F003FF              400
        MEDIUMCONST      0076D6-00FD87             86B2
        RAM              0000AD-0000FF               53
                         0002D8-000F7F              100
        SFR              000F80-000FFF               80
        SMALLCONST       0076D6-00FD87              100

                                  Symbol Table

RF24N_pipe_address@F3978                 dataCOMRAM   00004A
RF24N_pipe_address@address_translation   dataCOMRAM   000043
_BAUDCONbits                             (abs)        000FB8
_INTCONbits                              (abs)        000FF2
_LATAbits                                (abs)        000F89
_LATBbits                                (abs)        000F8A
_LATCbits                                (abs)        000F8B
_LATDbits                                (abs)        000F8C
_LATEbits                                (abs)        000F8D
_RCSTAbits                               (abs)        000FAB
_RF24M_begin                             text7        0040BE
_RF24M_checkConnection                   text38       005350
_RF24M_getAddress                        text45       002FF6
_RF24M_getNodeID                         text46       00275A
_RF24M_init                              text6        006FE2
_RF24M_loadDHCP                          text13       0076D0
_RF24M_renewAddress                      text26       003596
_RF24M_requestAddress                    text29       00190A
_RF24M_setAddress                        text41       004912
_RF24M_setNodeID                         text5        0075D0
_RF24M_update                            text40       002316
_RF24M_write                             text24       0051D2
_RF24M_write_n                           text25       006440
_RF24NH_init                             text52       006AA8
_RF24N__write                            text51       005048
_RF24N_available                         text79       00736E
_RF24N_begin                             text31       00752C
_RF24N_begin_d                           text32       002D1C
_RF24N_direct_child_route_to             text63       006E3A
_RF24N_enqueue                           text57       00001C
_RF24N_init                              text4        005638
_RF24N_is_descendant                     text62       006DCE
_RF24N_is_direct_child                   text61       00665E
_RF24N_is_valid_address                  text86       006CF0
_RF24N_levelToAddress                    text85       007048
_RF24N_logicalToPhysicalAddress          text60       004B0C
_RF24N_multicast                         text30       0067B2
_RF24N_pipe_address                      text69       004CEE
_RF24N_read                              text22       003E9E
_RF24N_setup_address                     text37       003C76
_RF24N_update                            text90       000B74
_RF24N_write                             text91       001EAA
_RF24N_write_                            text48       001334
_RF24N_write_m                           text47       0073B2
_RF24N_write_to_pipe                     text64       0037EE
_RF24_available                          text28       007598
_RF24_available_p                        text84       006F7A
_RF24_begin                              text8        0042DC
_RF24_beginTransaction                   text75       007634
_RF24_ce_d                               text81       0071AA
_RF24_closeReadingPipe                   text78       006F12
_RF24_csn_d                              text76       00715C
_RF24_enableDynamicPayloads              text36       006B22
_RF24_endTransaction                     text74       00761C
_RF24_flush_rx                           text54       007604
_RF24_flush_tx                           text82       007664
_RF24_getDynamicPayloadSize              text53       006D60
_RF24_get_status                         text77       00764C
_RF24_init                               text3        006016
_RF24_isValid                            text87       007246
_RF24_openReadingPipe_d                  text35       0044FA
_RF24_openWritingPipe_d                  text68       005A16
_RF24_powerUp                            text83       0071F8
_RF24_read                               text55       0073F4
_RF24_read_payload                       text56       00578E
_RF24_read_register_d                    text96       007326
_RF24_rxFifoFull                         text39       0075B4
_RF24_setAutoAck_p                       text97       00670A
_RF24_setChannel                         text34       00710C
_RF24_setDataRate                        text12       005C2C
_RF24_setRetries                         text33       007470
_RF24_spiTrans                           text72       007432
_RF24_startFastWrite                     text66       006EA6
_RF24_startListening                     text95       005B22
_RF24_stopListening                      text94       005F24
_RF24_toggle_features_d                  text11       0074A8
_RF24_txStandBy_t                        text92       0058E2
_RF24_writeFast_m                        text65       006B98
_RF24_write_payload                      text67       0054CC
_RF24_write_register_c_d                 text70       006C80
_RF24_write_register_d                   text93       007292
_SPBRG                                   (abs)        000FAF
_SPBRGH                                  (abs)        000FB0
_SPI_begin                               text10       0075EA
_SPI_transfer                            text73       00767C
_SSPBUF                                  (abs)        000FC9
_SSPCON1bits                             (abs)        000FC6
_SSPSTATbits                             (abs)        000FC7
_Serial_begin                            text2        0062C4
_Serial_print                            text20       0064F8
_Serial_println                          text19       007578
_Serial_tx                               text21       0076C2
_T0CONbits                               (abs)        000FD5
_TMR0H                                   (abs)        000FD7
_TMR0L                                   (abs)        000FD6
_TRISAbits                               (abs)        000F92
_TRISBbits                               (abs)        000F93
_TRISCbits                               (abs)        000F94
_TRISDbits                               (abs)        000F95
_TRISEbits                               (abs)        000F96
_TXREG                                   (abs)        000FAD
_TXSTAbits                               (abs)        000FAC
__CFG_BOREN$OFF                          (abs)        000000
__CFG_BORV$3                             (abs)        000000
__CFG_CCP2MX$PORTC                       (abs)        000000
__CFG_CP0$OFF                            (abs)        000000
__CFG_CP1$OFF                            (abs)        000000
__CFG_CP2$OFF                            (abs)        000000
__CFG_CP3$OFF                            (abs)        000000
__CFG_CPB$OFF                            (abs)        000000
__CFG_CPD$OFF                            (abs)        000000
__CFG_EBTR0$OFF                          (abs)        000000
__CFG_EBTR1$OFF                          (abs)        000000
__CFG_EBTR2$OFF                          (abs)        000000
__CFG_EBTR3$OFF                          (abs)        000000
__CFG_EBTRB$OFF                          (abs)        000000
__CFG_FCMEN$OFF                          (abs)        000000
__CFG_IESO$OFF                           (abs)        000000
__CFG_LPT1OSC$OFF                        (abs)        000000
__CFG_LVP$OFF                            (abs)        000000
__CFG_MCLRE$ON                           (abs)        000000
__CFG_OSC$HSPLL                          (abs)        000000
__CFG_PBADEN$OFF                         (abs)        000000
__CFG_PWRT$ON                            (abs)        000000
__CFG_STVREN$OFF                         (abs)        000000
__CFG_WDT$OFF                            (abs)        000000
__CFG_WDTPS$32768                        (abs)        000000
__CFG_WRT0$OFF                           (abs)        000000
__CFG_WRT1$OFF                           (abs)        000000
__CFG_WRT2$OFF                           (abs)        000000
__CFG_WRT3$OFF                           (abs)        000000
__CFG_WRTB$OFF                           (abs)        000000
__CFG_WRTC$OFF                           (abs)        000000
__CFG_WRTD$OFF                           (abs)        000000
__CFG_XINST$OFF                          (abs)        000000
__HRAM                                   (abs)        000000
__Habs1                                  abs1         000000
__Hbank0                                 bank0        000000
__Hbank1                                 bank1        000000
__Hbank10                                bank10       000000
__Hbank11                                bank11       000000
__Hbank12                                bank12       000000
__Hbank13                                bank13       000000
__Hbank14                                bank14       000000
__Hbank15                                bank15       000000
__Hbank2                                 bank2        000000
__Hbank3                                 bank3        000000
__Hbank4                                 bank4        000000
__Hbank5                                 bank5        000000
__Hbank6                                 bank6        000000
__Hbank7                                 bank7        000000
__Hbank8                                 bank8        000000
__Hbank9                                 bank9        000000
__Hbigbss                                bigbss       000000
__Hbigdata                               bigdata      000000
__Hbigram                                bigram       000000
__Hbss                                   bss          000000
__HbssBANK0                              bssBANK0     000000
__HbssBANK1                              bssBANK1     000000
__HbssBIGRAM                             bssBIGRAM    000000
__HbssCOMRAM                             bssCOMRAM    000000
__Hcinit                                 cinit        000000
__Hclrtext                               clrtext      000000
__Hcomram                                comram       000000
__Hconfig                                config       30000E
__Hconst                                 const        000000
__HcstackCOMRAM                          cstackCOMRAM 000000
__Hdata                                  data         000000
__HdataCOMRAM                            dataCOMRAM   000000
__Heeprom_data                           eeprom_data  000000
__Hend_init                              end_init     00001C
__Hfarbss                                farbss       000000
__Hfardata                               fardata      000000
__Hibigdata                              ibigdata     000000
__Hidata                                 idata        000000
__HidataCOMRAM                           idataCOMRAM  000000
__Hidloc                                 idloc        200008
__Hifardata                              ifardata     000000
__Hinit                                  init         000018
__Hintcode                               intcode      000014
__Hintcode_body                          intcode_body 000000
__Hintcodelo                             intcodelo    000014
__Hintentry                              intentry     000000
__Hintret                                intret       000000
__Hintsave_regs                          intsave_regs 000000
__Hirdata                                irdata       000000
__Hmediumconst                           mediumconst  010000
__HnvFARRAM                              nvFARRAM     000000
__Hnvbit                                 nvbit        000000
__Hnvrram                                nvrram       000000
__Hparam                                 rparam       000000
__Hpowerup                               powerup      000014
__Hram                                   ram          000000
__Hramtop                                ramtop       001000
__Hrbit                                  rbit         000000
__Hrbss                                  rbss         000000
__Hrdata                                 rdata        000000
__Hreset_vec                             reset_vec    000004
__Hrparam                                rparam       000000
__Hsfr                                   sfr          000000
__Hsmallconst                            smallconst   000000
__Hspace_0                               (abs)        30000E
__Hspace_1                               (abs)        0002D8
__Hspace_2                               (abs)        000F80
__Hstack                                 stack        000F80
__Hstruct                                struct       000000
__Htemp                                  temp         00005D
__Htext                                  text         000000
__Htext0                                 text0        000000
__Htext1                                 text1        000000
__Htext10                                text10       000000
__Htext11                                text11       000000
__Htext12                                text12       000000
__Htext13                                text13       000000
__Htext14                                text14       000000
__Htext15                                text15       000000
__Htext16                                text16       000000
__Htext17                                text17       000000
__Htext18                                text18       000000
__Htext19                                text19       000000
__Htext2                                 text2        000000
__Htext20                                text20       000000
__Htext21                                text21       000000
__Htext22                                text22       000000
__Htext23                                text23       000000
__Htext24                                text24       000000
__Htext25                                text25       000000
__Htext26                                text26       000000
__Htext27                                text27       000000
__Htext28                                text28       000000
__Htext29                                text29       000000
__Htext3                                 text3        000000
__Htext30                                text30       000000
__Htext31                                text31       000000
__Htext32                                text32       000000
__Htext33                                text33       000000
__Htext34                                text34       000000
__Htext35                                text35       000000
__Htext36                                text36       000000
__Htext37                                text37       000000
__Htext38                                text38       000000
__Htext39                                text39       000000
__Htext4                                 text4        000000
__Htext40                                text40       000000
__Htext41                                text41       000000
__Htext42                                text42       000000
__Htext43                                text43       000000
__Htext44                                text44       000000
__Htext45                                text45       000000
__Htext46                                text46       000000
__Htext47                                text47       000000
__Htext48                                text48       000000
__Htext49                                text49       000000
__Htext5                                 text5        000000
__Htext50                                text50       000000
__Htext51                                text51       000000
__Htext52                                text52       000000
__Htext53                                text53       000000
__Htext54                                text54       000000
__Htext55                                text55       000000
__Htext56                                text56       000000
__Htext57                                text57       000000
__Htext58                                text58       000000
__Htext59                                text59       000000
__Htext6                                 text6        000000
__Htext60                                text60       000000
__Htext61                                text61       000000
__Htext62                                text62       000000
__Htext63                                text63       000000
__Htext64                                text64       000000
__Htext65                                text65       000000
__Htext66                                text66       000000
__Htext67                                text67       000000
__Htext68                                text68       000000
__Htext69                                text69       000000
__Htext7                                 text7        000000
__Htext70                                text70       000000
__Htext71                                text71       000000
__Htext72                                text72       000000
__Htext73                                text73       000000
__Htext74                                text74       000000
__Htext75                                text75       000000
__Htext76                                text76       000000
__Htext77                                text77       000000
__Htext78                                text78       000000
__Htext79                                text79       000000
__Htext8                                 text8        000000
__Htext80                                text80       000000
__Htext81                                text81       000000
__Htext82                                text82       000000
__Htext83                                text83       000000
__Htext84                                text84       000000
__Htext85                                text85       000000
__Htext86                                text86       000000
__Htext87                                text87       000000
__Htext88                                text88       000000
__Htext89                                text89       000000
__Htext9                                 text9        000000
__Htext90                                text90       000000
__Htext91                                text91       000000
__Htext92                                text92       000000
__Htext93                                text93       000000
__Htext94                                text94       000000
__Htext95                                text95       000000
__Htext96                                text96       000000
__Htext97                                text97       000000
__LRAM                                   (abs)        000001
__Labs1                                  abs1         000000
__Lbank0                                 bank0        000000
__Lbank1                                 bank1        000000
__Lbank10                                bank10       000000
__Lbank11                                bank11       000000
__Lbank12                                bank12       000000
__Lbank13                                bank13       000000
__Lbank14                                bank14       000000
__Lbank15                                bank15       000000
__Lbank2                                 bank2        000000
__Lbank3                                 bank3        000000
__Lbank4                                 bank4        000000
__Lbank5                                 bank5        000000
__Lbank6                                 bank6        000000
__Lbank7                                 bank7        000000
__Lbank8                                 bank8        000000
__Lbank9                                 bank9        000000
__Lbigbss                                bigbss       000000
__Lbigdata                               bigdata      000000
__Lbigram                                bigram       000000
__Lbss                                   bss          000000
__LbssBANK0                              bssBANK0     000000
__LbssBANK1                              bssBANK1     000000
__LbssBIGRAM                             bssBIGRAM    000000
__LbssCOMRAM                             bssCOMRAM    000000
__Lcinit                                 cinit        000000
__Lclrtext                               clrtext      000000
__Lcomram                                comram       000000
__Lconfig                                config       300000
__Lconst                                 const        000000
__LcstackCOMRAM                          cstackCOMRAM 000000
__Ldata                                  data         000000
__LdataCOMRAM                            dataCOMRAM   000000
__Leeprom_data                           eeprom_data  000000
__Lend_init                              end_init     000018
__Lfarbss                                farbss       000000
__Lfardata                               fardata      000000
__Libigdata                              ibigdata     000000
__Lidata                                 idata        000000
__LidataCOMRAM                           idataCOMRAM  000000
__Lidloc                                 idloc        200000
__Lifardata                              ifardata     000000
__Linit                                  init         000014
__Lintcode                               intcode      000008
__Lintcode_body                          intcode_body 000000
__Lintcodelo                             intcodelo    000014
__Lintentry                              intentry     000000
__Lintret                                intret       000000
__Lintsave_regs                          intsave_regs 000000
__Lirdata                                irdata       000000
__Lmediumconst                           mediumconst  00FD88
__LnvFARRAM                              nvFARRAM     000000
__Lnvbit                                 nvbit        000000
__Lnvrram                                nvrram       000000
__Lparam                                 rparam       000000
__Lpowerup                               powerup      000014
__Lram                                   ram          000000
__Lramtop                                ramtop       001000
__Lrbit                                  rbit         000000
__Lrbss                                  rbss         000000
__Lrdata                                 rdata        000000
__Lreset_vec                             reset_vec    000000
__Lrparam                                rparam       000000
__Lsfr                                   sfr          000000
__Lsmallconst                            smallconst   000000
__Lspace_0                               (abs)        000000
__Lspace_1                               (abs)        000000
__Lspace_2                               (abs)        000000
__Lstack                                 stack        0002D8
__Lstruct                                struct       000000
__Ltemp                                  temp         000051
__Ltext                                  text         000000
__Ltext0                                 text0        000000
__Ltext1                                 text1        000000
__Ltext10                                text10       000000
__Ltext11                                text11       000000
__Ltext12                                text12       000000
__Ltext13                                text13       000000
__Ltext14                                text14       000000
__Ltext15                                text15       000000
__Ltext16                                text16       000000
__Ltext17                                text17       000000
__Ltext18                                text18       000000
__Ltext19                                text19       000000
__Ltext2                                 text2        000000
__Ltext20                                text20       000000
__Ltext21                                text21       000000
__Ltext22                                text22       000000
__Ltext23                                text23       000000
__Ltext24                                text24       000000
__Ltext25                                text25       000000
__Ltext26                                text26       000000
__Ltext27                                text27       000000
__Ltext28                                text28       000000
__Ltext29                                text29       000000
__Ltext3                                 text3        000000
__Ltext30                                text30       000000
__Ltext31                                text31       000000
__Ltext32                                text32       000000
__Ltext33                                text33       000000
__Ltext34                                text34       000000
__Ltext35                                text35       000000
__Ltext36                                text36       000000
__Ltext37                                text37       000000
__Ltext38                                text38       000000
__Ltext39                                text39       000000
__Ltext4                                 text4        000000
__Ltext40                                text40       000000
__Ltext41                                text41       000000
__Ltext42                                text42       000000
__Ltext43                                text43       000000
__Ltext44                                text44       000000
__Ltext45                                text45       000000
__Ltext46                                text46       000000
__Ltext47                                text47       000000
__Ltext48                                text48       000000
__Ltext49                                text49       000000
__Ltext5                                 text5        000000
__Ltext50                                text50       000000
__Ltext51                                text51       000000
__Ltext52                                text52       000000
__Ltext53                                text53       000000
__Ltext54                                text54       000000
__Ltext55                                text55       000000
__Ltext56                                text56       000000
__Ltext57                                text57       000000
__Ltext58                                text58       000000
__Ltext59                                text59       000000
__Ltext6                                 text6        000000
__Ltext60                                text60       000000
__Ltext61                                text61       000000
__Ltext62                                text62       000000
__Ltext63                                text63       000000
__Ltext64                                text64       000000
__Ltext65                                text65       000000
__Ltext66                                text66       000000
__Ltext67                                text67       000000
__Ltext68                                text68       000000
__Ltext69                                text69       000000
__Ltext7                                 text7        000000
__Ltext70                                text70       000000
__Ltext71                                text71       000000
__Ltext72                                text72       000000
__Ltext73                                text73       000000
__Ltext74                                text74       000000
__Ltext75                                text75       000000
__Ltext76                                text76       000000
__Ltext77                                text77       000000
__Ltext78                                text78       000000
__Ltext79                                text79       000000
__Ltext8                                 text8        000000
__Ltext80                                text80       000000
__Ltext81                                text81       000000
__Ltext82                                text82       000000
__Ltext83                                text83       000000
__Ltext84                                text84       000000
__Ltext85                                text85       000000
__Ltext86                                text86       000000
__Ltext87                                text87       000000
__Ltext88                                text88       000000
__Ltext89                                text89       000000
__Ltext9                                 text9        000000
__Ltext90                                text90       000000
__Ltext91                                text91       000000
__Ltext92                                text92       000000
__Ltext93                                text93       000000
__Ltext94                                text94       000000
__Ltext95                                text95       000000
__Ltext96                                text96       000000
__Ltext97                                text97       000000
__S0                                     (abs)        30000E
__S1                                     (abs)        0002D8
__S2                                     (abs)        000F80
___inthi_sp                              stack        000710
___intlo_sp                              stack        000B48
___lbmod                                 text27       006A1A
___lldiv                                 text18       005D30
___llmod                                 text17       0061EE
___lwdiv                                 text59       006104
___lwmod                                 text50       006384
___param_bank                            (abs)        000010
___rparam_used                           (abs)        000001
___sp                                    stack        0002D8
___wmul                                  text49       0068EE
__accesstop                              (abs)        000080
__activetblptr                           (abs)        000003
__end_of_RF24M_begin                     text7        0042DC
__end_of_RF24M_checkConnection           text38       0054CC
__end_of_RF24M_getAddress                text45       0032CE
__end_of_RF24M_getNodeID                 text46       002A40
__end_of_RF24M_init                      text6        007048
__end_of_RF24M_loadDHCP                  text13       0076D6
__end_of_RF24M_renewAddress              text26       0037EE
__end_of_RF24M_requestAddress            text29       001EAA
__end_of_RF24M_setAddress                text41       004B0C
__end_of_RF24M_setNodeID                 text5        0075EA
__end_of_RF24M_update                    text40       00275A
__end_of_RF24M_write                     text24       005350
__end_of_RF24M_write_n                   text25       0064F8
__end_of_RF24NH_init                     text52       006B22
__end_of_RF24N__write                    text51       0051D2
__end_of_RF24N_available                 text79       0073B2
__end_of_RF24N_begin                     text31       007552
__end_of_RF24N_begin_d                   text32       002FF6
__end_of_RF24N_direct_child_route_to     text63       006EA6
__end_of_RF24N_enqueue                   text57       000B74
__end_of_RF24N_init                      text4        00578E
__end_of_RF24N_is_descendant             text62       006E3A
__end_of_RF24N_is_direct_child           text61       00670A
__end_of_RF24N_is_valid_address          text86       006D60
__end_of_RF24N_levelToAddress            text85       0070AE
__end_of_RF24N_logicalToPhysicalAddress  text60       004CEE
__end_of_RF24N_multicast                 text30       006854
__end_of_RF24N_pipe_address              text69       004EAE
__end_of_RF24N_read                      text22       0040BE
__end_of_RF24N_setup_address             text37       003E9E
__end_of_RF24N_update                    text90       001334
__end_of_RF24N_write                     text91       002316
__end_of_RF24N_write_                    text48       00190A
__end_of_RF24N_write_m                   text47       0073F4
__end_of_RF24N_write_to_pipe             text64       003A42
__end_of_RF24_available                  text28       0075B4
__end_of_RF24_available_p                text84       006FE2
__end_of_RF24_begin                      text8        0044FA
__end_of_RF24_beginTransaction           text75       00764C
__end_of_RF24_ce_d                       text81       0071F8
__end_of_RF24_closeReadingPipe           text78       006F7A
__end_of_RF24_csn_d                      text76       0071AA
__end_of_RF24_enableDynamicPayloads      text36       006B98
__end_of_RF24_endTransaction             text74       007634
__end_of_RF24_flush_rx                   text54       00761C
__end_of_RF24_flush_tx                   text82       00767C
__end_of_RF24_getDynamicPayloadSize      text53       006DCE
__end_of_RF24_get_status                 text77       007664
__end_of_RF24_init                       text3        006104
__end_of_RF24_isValid                    text87       007292
__end_of_RF24_openReadingPipe_d          text35       004714
__end_of_RF24_openWritingPipe_d          text68       005B22
__end_of_RF24_powerUp                    text83       007246
__end_of_RF24_read                       text55       007432
__end_of_RF24_read_payload               text56       0058E2
__end_of_RF24_read_register_d            text96       00736E
__end_of_RF24_rxFifoFull                 text39       0075D0
__end_of_RF24_setAutoAck_p               text97       0067B2
__end_of_RF24_setChannel                 text34       00715C
__end_of_RF24_setDataRate                text12       005D30
__end_of_RF24_setRetries                 text33       0074A8
__end_of_RF24_spiTrans                   text72       007470
__end_of_RF24_startFastWrite             text66       006F12
__end_of_RF24_startListening             text95       005C2C
__end_of_RF24_stopListening              text94       006016
__end_of_RF24_toggle_features_d          text11       0074DA
__end_of_RF24_txStandBy_t                text92       005A16
__end_of_RF24_writeFast_m                text65       006C0E
__end_of_RF24_write_payload              text67       005638
__end_of_RF24_write_register_c_d         text70       006CF0
__end_of_RF24_write_register_d           text93       0072DE
__end_of_SPI_begin                       text10       007604
__end_of_SPI_transfer                    text73       007690
__end_of_Serial_begin                    text2        006384
__end_of_Serial_print                    text20       0065AE
__end_of_Serial_println                  text19       007598
__end_of_Serial_tx                       text21       0076D0
__end_of___lbmod                         text27       006AA8
__end_of___lldiv                         text18       005E32
__end_of___llmod                         text17       0062C4
__end_of___lwdiv                         text59       0061EE
__end_of___lwmod                         text50       006440
__end_of___wmul                          text49       006984
__end_of__initialization                 cinit        007106
__end_of_child_payload_size              mediumconst  00FDB5
__end_of_child_pipe                      mediumconst  00FDBB
__end_of_child_pipe_enable               mediumconst  00FDC1
__end_of_delay                           text89       00665E
__end_of_delayMicroseconds               text80       006A1A
__end_of_digitalWrite                    text71       003596
__end_of_dpowers                         mediumconst  00FD9F
__end_of_free                            text44       0076A2
__end_of_hexpowers                       mediumconst  00FDA7
__end_of_isr                             intcode_body 007504
__end_of_itoa_                           text15       007326
__end_of_loop                            text14       005048
__end_of_main                            text0        00752C
__end_of_malloc                          text43       006C80
__end_of_memcpy                          text58       005F24
__end_of_memmove                         text23       004912
__end_of_millis                          text88       0076B4
__end_of_octpowers                       mediumconst  00FD95
__end_of_pinMode                         text9        002D1C
__end_of_realloc                         text42       007578
__end_of_rf24_crclength_e_str_0          mediumconst  00FDE4
__end_of_rf24_crclength_e_str_1          mediumconst  00FE0C
__end_of_rf24_crclength_e_str_2          mediumconst  00FDF5
__end_of_rf24_crclength_e_str_P          mediumconst  00FDC7
__end_of_rf24_datarate_e_str_0           mediumconst  00FE27
__end_of_rf24_datarate_e_str_1           mediumconst  00FE2D
__end_of_rf24_datarate_e_str_2           mediumconst  00FDFD
__end_of_rf24_datarate_e_str_P           mediumconst  00FDCD
__end_of_rf24_model_e_str_0              mediumconst  00FDED
__end_of_rf24_model_e_str_1              mediumconst  00FDDB
__end_of_rf24_model_e_str_P              mediumconst  00FDD1
__end_of_rf24_pa_dbm_e_str_0             mediumconst  00FE13
__end_of_rf24_pa_dbm_e_str_1             mediumconst  00FE1A
__end_of_rf24_pa_dbm_e_str_2             mediumconst  00FE05
__end_of_rf24_pa_dbm_e_str_3             mediumconst  00FE21
__end_of_rf24_pa_dbm_e_str_P             mediumconst  00FDAF
__end_of_setup                           text1        0068EE
__end_of_ultoa                           text16       003C76
__initialization                         cinit        0070AE
__mediumconst                            mediumconst  00FD88
__pbssBANK0                              bssBANK0     000080
__pbssBANK1                              bssBANK1     000100
__pbssBIGRAM                             bssBIGRAM    000164
__pbssCOMRAM                             bssCOMRAM    000001
__pcinit                                 cinit        0070AE
__pcstackCOMRAM                          cstackCOMRAM 00005D
__pdataCOMRAM                            dataCOMRAM   000043
__pidataCOMRAM                           idataCOMRAM  0076B4
__pintcode                               intcode      000008
__pintcode_body                          intcode_body 0074DA
__pmediumconst                           mediumconst  00FD88
__ptext0                                 text0        007504
__ptext1                                 text1        006854
__ptext10                                text10       0075EA
__ptext11                                text11       0074A8
__ptext12                                text12       005C2C
__ptext13                                text13       0076D0
__ptext14                                text14       004EAE
__ptext15                                text15       0072DE
__ptext16                                text16       003A42
__ptext17                                text17       0061EE
__ptext18                                text18       005D30
__ptext19                                text19       007578
__ptext2                                 text2        0062C4
__ptext20                                text20       0064F8
__ptext21                                text21       0076C2
__ptext22                                text22       003E9E
__ptext23                                text23       004714
__ptext24                                text24       0051D2
__ptext25                                text25       006440
__ptext26                                text26       003596
__ptext27                                text27       006A1A
__ptext28                                text28       007598
__ptext29                                text29       00190A
__ptext3                                 text3        006016
__ptext30                                text30       0067B2
__ptext31                                text31       00752C
__ptext32                                text32       002D1C
__ptext33                                text33       007470
__ptext34                                text34       00710C
__ptext35                                text35       0044FA
__ptext36                                text36       006B22
__ptext37                                text37       003C76
__ptext38                                text38       005350
__ptext39                                text39       0075B4
__ptext4                                 text4        005638
__ptext40                                text40       002316
__ptext41                                text41       004912
__ptext42                                text42       007552
__ptext43                                text43       006C0E
__ptext44                                text44       007690
__ptext45                                text45       002FF6
__ptext46                                text46       00275A
__ptext47                                text47       0073B2
__ptext48                                text48       001334
__ptext49                                text49       0068EE
__ptext5                                 text5        0075D0
__ptext50                                text50       006384
__ptext51                                text51       005048
__ptext52                                text52       006AA8
__ptext53                                text53       006D60
__ptext54                                text54       007604
__ptext55                                text55       0073F4
__ptext56                                text56       00578E
__ptext57                                text57       00001C
__ptext58                                text58       005E32
__ptext59                                text59       006104
__ptext6                                 text6        006FE2
__ptext60                                text60       004B0C
__ptext61                                text61       00665E
__ptext62                                text62       006DCE
__ptext63                                text63       006E3A
__ptext64                                text64       0037EE
__ptext65                                text65       006B98
__ptext66                                text66       006EA6
__ptext67                                text67       0054CC
__ptext68                                text68       005A16
__ptext69                                text69       004CEE
__ptext7                                 text7        0040BE
__ptext70                                text70       006C80
__ptext71                                text71       0032CE
__ptext72                                text72       007432
__ptext73                                text73       00767C
__ptext74                                text74       00761C
__ptext75                                text75       007634
__ptext76                                text76       00715C
__ptext77                                text77       00764C
__ptext78                                text78       006F12
__ptext79                                text79       00736E
__ptext8                                 text8        0042DC
__ptext80                                text80       006984
__ptext81                                text81       0071AA
__ptext82                                text82       007664
__ptext83                                text83       0071F8
__ptext84                                text84       006F7A
__ptext85                                text85       007048
__ptext86                                text86       006CF0
__ptext87                                text87       007246
__ptext88                                text88       0076A2
__ptext89                                text89       0065AE
__ptext9                                 text9        002A40
__ptext90                                text90       000B74
__ptext91                                text91       001EAA
__ptext92                                text92       0058E2
__ptext93                                text93       007292
__ptext94                                text94       005F24
__ptext95                                text95       005B22
__ptext96                                text96       007326
__ptext97                                text97       00670A
__ramtop                                 ramtop       001000
__size_of_RF24M_begin                    (abs)        000000
__size_of_RF24M_checkConnection          (abs)        000000
__size_of_RF24M_getAddress               (abs)        000000
__size_of_RF24M_getNodeID                (abs)        000000
__size_of_RF24M_init                     (abs)        000000
__size_of_RF24M_loadDHCP                 (abs)        000000
__size_of_RF24M_renewAddress             (abs)        000000
__size_of_RF24M_requestAddress           (abs)        000000
__size_of_RF24M_setAddress               (abs)        000000
__size_of_RF24M_setNodeID                (abs)        000000
__size_of_RF24M_update                   (abs)        000000
__size_of_RF24M_write                    (abs)        000000
__size_of_RF24M_write_n                  (abs)        000000
__size_of_RF24NH_init                    (abs)        000000
__size_of_RF24N__write                   (abs)        000000
__size_of_RF24N_available                (abs)        000000
__size_of_RF24N_begin                    (abs)        000000
__size_of_RF24N_begin_d                  (abs)        000000
__size_of_RF24N_direct_child_route_to    (abs)        000000
__size_of_RF24N_enqueue                  (abs)        000000
__size_of_RF24N_init                     (abs)        000000
__size_of_RF24N_is_descendant            (abs)        000000
__size_of_RF24N_is_direct_child          (abs)        000000
__size_of_RF24N_is_valid_address         (abs)        000000
__size_of_RF24N_levelToAddress           (abs)        000000
__size_of_RF24N_logicalToPhysicalAddress (abs)        000000
__size_of_RF24N_multicast                (abs)        000000
__size_of_RF24N_pipe_address             (abs)        000000
__size_of_RF24N_read                     (abs)        000000
__size_of_RF24N_setup_address            (abs)        000000
__size_of_RF24N_update                   (abs)        000000
__size_of_RF24N_write                    (abs)        000000
__size_of_RF24N_write_                   (abs)        000000
__size_of_RF24N_write_m                  (abs)        000000
__size_of_RF24N_write_to_pipe            (abs)        000000
__size_of_RF24_available                 (abs)        000000
__size_of_RF24_available_p               (abs)        000000
__size_of_RF24_begin                     (abs)        000000
__size_of_RF24_beginTransaction          (abs)        000000
__size_of_RF24_ce_d                      (abs)        000000
__size_of_RF24_closeReadingPipe          (abs)        000000
__size_of_RF24_csn_d                     (abs)        000000
__size_of_RF24_enableDynamicPayloads     (abs)        000000
__size_of_RF24_endTransaction            (abs)        000000
__size_of_RF24_flush_rx                  (abs)        000000
__size_of_RF24_flush_tx                  (abs)        000000
__size_of_RF24_getDynamicPayloadSize     (abs)        000000
__size_of_RF24_get_status                (abs)        000000
__size_of_RF24_init                      (abs)        000000
__size_of_RF24_isValid                   (abs)        000000
__size_of_RF24_openReadingPipe_d         (abs)        000000
__size_of_RF24_openWritingPipe_d         (abs)        000000
__size_of_RF24_powerUp                   (abs)        000000
__size_of_RF24_read                      (abs)        000000
__size_of_RF24_read_payload              (abs)        000000
__size_of_RF24_read_register_d           (abs)        000000
__size_of_RF24_rxFifoFull                (abs)        000000
__size_of_RF24_setAutoAck_p              (abs)        000000
__size_of_RF24_setChannel                (abs)        000000
__size_of_RF24_setDataRate               (abs)        000000
__size_of_RF24_setRetries                (abs)        000000
__size_of_RF24_spiTrans                  (abs)        000000
__size_of_RF24_startFastWrite            (abs)        000000
__size_of_RF24_startListening            (abs)        000000
__size_of_RF24_stopListening             (abs)        000000
__size_of_RF24_toggle_features_d         (abs)        000000
__size_of_RF24_txStandBy_t               (abs)        000000
__size_of_RF24_writeFast_m               (abs)        000000
__size_of_RF24_write_payload             (abs)        000000
__size_of_RF24_write_register_c_d        (abs)        000000
__size_of_RF24_write_register_d          (abs)        000000
__size_of_SPI_begin                      (abs)        000000
__size_of_SPI_transfer                   (abs)        000000
__size_of_Serial_begin                   (abs)        000000
__size_of_Serial_print                   (abs)        000000
__size_of_Serial_println                 (abs)        000000
__size_of_Serial_tx                      (abs)        000000
__size_of___lbmod                        (abs)        000000
__size_of___lldiv                        (abs)        000000
__size_of___llmod                        (abs)        000000
__size_of___lwdiv                        (abs)        000000
__size_of___lwmod                        (abs)        000000
__size_of___wmul                         (abs)        000000
__size_of_delay                          (abs)        000000
__size_of_delayMicroseconds              (abs)        000000
__size_of_digitalWrite                   (abs)        000000
__size_of_free                           (abs)        000000
__size_of_isr                            (abs)        000000
__size_of_itoa_                          (abs)        000000
__size_of_loop                           (abs)        000000
__size_of_main                           (abs)        000000
__size_of_malloc                         (abs)        000000
__size_of_memcpy                         (abs)        000000
__size_of_memmove                        (abs)        000000
__size_of_millis                         (abs)        000000
__size_of_pinMode                        (abs)        000000
__size_of_realloc                        (abs)        000000
__size_of_setup                          (abs)        000000
__size_of_ultoa                          (abs)        000000
__smallconst                             smallconst   000000
_buff                                    bssCOMRAM    000035
_child_payload_size                      mediumconst  00FDAF
_child_pipe                              mediumconst  00FDB5
_child_pipe_enable                       mediumconst  00FDBB
_delay                                   text89       0065AE
_delayMicroseconds                       text80       006984
_digitalWrite                            text71       0032CE
_displayTimer                            bssCOMRAM    00003F
_free                                    text44       007690
_isr                                     intcode      000008
_itoa_                                   text15       0072DE
_loop                                    text14       004EAE
_main                                    text0        007504
_malloc                                  text43       006C0E
_mem_pool                                bssBANK1     000100
_memcpy                                  text58       005E32
_memmove                                 text23       004714
_mesh                                    bssCOMRAM    000007
_millis                                  text88       0076A2
_mtime                                   bssCOMRAM    000001
_network                                 bssBIGRAM    000164
_next_alloc                              bssCOMRAM    000005
_next_id                                 dataCOMRAM   00004F
_pinMode                                 text9        002A40
_putch                                   (abs)        000000
_radio                                   bssCOMRAM    00001F
_realloc                                 text42       007552
_setup                                   text1        006854
_ultoa                                   text16       003A42
btemp                                    temp         000051
end_of_initialization                    cinit        007106
int_func                                 intcode_body 0074DA
intlevel0                                text         000000
intlevel1                                text         000000
intlevel2                                text         000000
intlevel3                                text         000000
stackhi                                  (abs)        000F7F
stacklo                                  (abs)        0002D8
start                                    init         000014
start_initialization                     cinit        0070AE


FUNCTION INFORMATION:

 *************** function _main *****************
 Defined at:
		line 30 in file "pic_main.c"
 Parameters:    Size  Location     Type
		None
 Auto vars:     Size  Location     Type
		None
 Return value:  Size  Location     Type
                  1  [STACK] void 
 Registers used:
		wreg, fsr0l, fsr0h, fsr1l, fsr1h, fsr2l, fsr2h, status,2, status,0, pclat, btemp, btemp+1, btemp+2, btemp+3, btemp+4, btemp+5, btemp+6, btemp+7, btemp+8, btemp+9, btemp+10, btemp+11, tosl, structret, tblptrl, tblptrh, tblptru, prodl, prodh, bsr, cstack
 Tracked objects:
		On entry : 
		On exit  : 
		Unchanged: 
 Data sizes:     COMRAM   BANK0   BANK1   BANK2   BANK3   BANK4   BANK5   BANK6   BANK7   BANK8   BANK9  BANK10  BANK11  BANK12  BANK13  BANK14  BANK15
      Params:         0       0       0       0       0       0       0       0       0       0       0       0       0       0       0       0       0
[...]
		 -> radio(22), 
  timeout         4  [STACK] unsigned long 
  startTx         1  [STACK] unsigned char 
 Auto vars:     Size  Location     Type
  start           4  [STACK] unsigned long 
 Return value:  Size  Location     Type
                  1  [STACK] unsigned char 
 Registers used:
		wreg, fsr0l, fsr0h, fsr1l, fsr1h, fsr2l, fsr2h, status,2, status,0, btemp, btemp+1, btemp+2, btemp+3, btemp+10, btemp+11, tblptrl, tblptrh, tblptru
 Tracked objects:
		On entry : 
		On exit  : 
		Unchanged: 
 Data sizes:     COMRAM   BANK0   BANK1   BANK2   BANK3   BANK4   BANK5   BANK6   BANK7   BANK8   BANK9  BANK10  BANK11  BANK12  BANK13  BANK14  BANK15
      Params:         0       0       0       0       0       0       0       0       0       0       0       0       0       0       0       0       0
      Locals:         0       0       0       0       0       0       0       0       0       0       0       0       0       0       0       0       0
      Temps:          0       0       0       0       0       0       0       0       0       0       0       0       0       0       0       0       0
      Totals:         0       0       0       0       0       0       0       0       0       0       0       0       0       0       0       0       0
Total ram usage:        0 bytes
 Hardware stack levels used:    1
 Hardware stack levels required when called:    7
 This function calls:
		_RF24_ce_d
		_RF24_flush_tx
		_RF24_get_status
		_RF24_read_register_d
		_RF24_stopListening
		_RF24_write_register_d
		_millis
 This function is called by:
		_RF24N_write_
		_RF24N_write
		_RF24N_write_to_pipe
 This function uses a reentrant model


 *************** function _RF24_write_register_d *****************
 Defined at:
		line 191 in file "../../../RF24_c/RF24_c.c"
 Parameters:    Size  Location     Type
  rf              2  [STACK] PTR struct RF24
		 -> radio(22), 
  reg             1  [STACK] unsigned char 
  value           1  [STACK] unsigned char 
 Auto vars:     Size  Location     Type
  status          1  [STACK] unsigned char 
 Return value:  Size  Location     Type
                  1  [STACK] unsigned char 
 Registers used:
		wreg, fsr1l, fsr1h, fsr2l, fsr2h, status,2, status,0, btemp, btemp+1, btemp+2
 Tracked objects:
		On entry : 
		On exit  : 
		Unchanged: 
 Data sizes:     COMRAM   BANK0   BANK1   BANK2   BANK3   BANK4   BANK5   BANK6   BANK7   BANK8   BANK9  BANK10  BANK11  BANK12  BANK13  BANK14  BANK15
      Params:         0       0       0       0       0       0       0       0       0       0       0       0       0       0       0       0       0
      Locals:         0       0       0       0       0       0       0       0       0       0       0       0       0       0       0       0       0
      Temps:          0       0       0       0       0       0       0       0       0       0       0       0       0       0       0       0       0
      Totals:         0       0       0       0       0       0       0       0       0       0       0       0       0       0       0       0       0
Total ram usage:        0 bytes
 Hardware stack levels used:    1
 Hardware stack levels required when called:    4
 This function calls:
		_RF24_beginTransaction
		_RF24_endTransaction
		_SPI_transfer
 This function is called by:
		_RF24_setChannel
		_RF24_begin
		_RF24_startListening
		_RF24_stopListening
		_RF24_powerUp
		_RF24_writeFast_m
		_RF24_txStandBy_t
		_RF24_read
		_RF24_openWritingPipe_d
		_RF24_openReadingPipe_d
		_RF24_closeReadingPipe
		_RF24_enableDynamicPayloads
		_RF24_setAutoAck_p
		_RF24_setDataRate
		_RF24_setRetries
 This function uses a reentrant model


 *************** function _RF24_stopListening *****************
 Defined at:
		line 751 in file "../../../RF24_c/RF24_c.c"
 Parameters:    Size  Location     Type
  rf              2  [STACK] PTR struct RF24
		 -> radio(22), 
 Auto vars:     Size  Location     Type
		None
 Return value:  Size  Location     Type
                  1  [STACK] void 
 Registers used:
		wreg, fsr0l, fsr0h, fsr1l, fsr1h, fsr2l, fsr2h, status,2, status,0, btemp, btemp+1, btemp+2, btemp+10, btemp+11, tblptrl, tblptrh, tblptru
 Tracked objects:
		On entry : 
		On exit  : 
		Unchanged: 
 Data sizes:     COMRAM   BANK0   BANK1   BANK2   BANK3   BANK4   BANK5   BANK6   BANK7   BANK8   BANK9  BANK10  BANK11  BANK12  BANK13  BANK14  BANK15
      Params:         0       0       0       0       0       0       0       0       0       0       0       0       0       0       0       0       0
      Locals:         0       0       0       0       0       0       0       0       0       0       0       0       0       0       0       0       0
      Temps:          0       0       0       0       0       0       0       0       0       0       0       0       0       0       0       0       0
      Totals:         0       0       0       0       0       0       0       0       0       0       0       0       0       0       0       0       0
Total ram usage:        0 bytes
 Hardware stack levels used:    1
 Hardware stack levels required when called:    6
 This function calls:
		_RF24_ce_d
		_RF24_flush_tx
		_RF24_read_register_d
		_RF24_write_register_d
		_delayMicroseconds
 This function is called by:
		_RF24M_checkConnection
		_RF24M_renewAddress
		_RF24M_requestAddress
		_RF24N_enqueue
		_RF24N_write_
		_RF24N_write_to_pipe
		_RF24_txStandBy_t
 This function uses a reentrant model


 *************** function _RF24_startListening *****************
 Defined at:
		line 720 in file "../../../RF24_c/RF24_c.c"
 Parameters:    Size  Location     Type
  rf              2  [STACK] PTR struct RF24
		 -> radio(22), 
 Auto vars:     Size  Location     Type
		None
 Return value:  Size  Location     Type
                  1  [STACK] void 
 Registers used:
		wreg, fsr0l, fsr0h, fsr1l, fsr1h, fsr2l, fsr2h, status,2, status,0, btemp, btemp+1, btemp+2, btemp+10, btemp+11, tblptrl, tblptrh, tblptru
 Tracked objects:
		On entry : 
		On exit  : 
		Unchanged: 
 Data sizes:     COMRAM   BANK0   BANK1   BANK2   BANK3   BANK4   BANK5   BANK6   BANK7   BANK8   BANK9  BANK10  BANK11  BANK12  BANK13  BANK14  BANK15
      Params:         0       0       0       0       0       0       0       0       0       0       0       0       0       0       0       0       0
      Locals:         0       0       0       0       0       0       0       0       0       0       0       0       0       0       0       0       0
      Temps:          0       0       0       0       0       0       0       0       0       0       0       0       0       0       0       0       0
      Totals:         0       0       0       0       0       0       0       0       0       0       0       0       0       0       0       0       0
Total ram usage:        0 bytes
 Hardware stack levels used:    1
 Hardware stack levels required when called:    6
 This function calls:
		_RF24_ce_d
		_RF24_closeReadingPipe
		_RF24_flush_tx
		_RF24_powerUp
		_RF24_read_register_d
		_RF24_write_register_c_d
		_RF24_write_register_d
 This function is called by:
		_RF24N_begin_d
		_RF24N_write_
		_RF24N_write
 This function uses a reentrant model


 *************** function _RF24_read_register_d *****************
 Defined at:
		line 128 in file "../../../RF24_c/RF24_c.c"
 Parameters:    Size  Location     Type
  rf              2  [STACK] PTR struct RF24
		 -> radio(22), 
  reg             1  [STACK] unsigned char 
 Auto vars:     Size  Location     Type
  result          1  [STACK] unsigned char 
 Return value:  Size  Location     Type
                  1  [STACK] unsigned char 
 Registers used:
		wreg, fsr1l, fsr1h, fsr2l, fsr2h, status,2, status,0, btemp, btemp+1, btemp+2
 Tracked objects:
		On entry : 
		On exit  : 
		Unchanged: 
 Data sizes:     COMRAM   BANK0   BANK1   BANK2   BANK3   BANK4   BANK5   BANK6   BANK7   BANK8   BANK9  BANK10  BANK11  BANK12  BANK13  BANK14  BANK15
      Params:         0       0       0       0       0       0       0       0       0       0       0       0       0       0       0       0       0
      Locals:         0       0       0       0       0       0       0       0       0       0       0       0       0       0       0       0       0
      Temps:          0       0       0       0       0       0       0       0       0       0       0       0       0       0       0       0       0
      Totals:         0       0       0       0       0       0       0       0       0       0       0       0       0       0       0       0       0
Total ram usage:        0 bytes
 Hardware stack levels used:    1
 Hardware stack levels required when called:    4
 This function calls:
		_RF24_beginTransaction
		_RF24_endTransaction
		_SPI_transfer
 This function is called by:
		_RF24_begin
		_RF24_startListening
		_RF24_stopListening
		_RF24_powerUp
		_RF24_rxFifoFull
		_RF24_txStandBy_t
		_RF24_available_p
		_RF24_openReadingPipe_d
		_RF24_closeReadingPipe
		_RF24_enableDynamicPayloads
		_RF24_setAutoAck_p
		_RF24_setDataRate
 This function uses a reentrant model


 *************** function _RF24_setAutoAck_p *****************
 Defined at:
		line 1384 in file "../../../RF24_c/RF24_c.c"
 Parameters:    Size  Location     Type
  rf              2  [STACK] PTR struct RF24
		 -> radio(22), 
  pipe            1  [STACK] unsigned char 
  enable          1  [STACK] unsigned char 
 Auto vars:     Size  Location     Type
  en_aa           1  [STACK] unsigned char 
 Return value:  Size  Location     Type
                  1  [STACK] void 
 Registers used:
		wreg, fsr1l, fsr1h, fsr2l, fsr2h, status,2, status,0, btemp, btemp+1, btemp+2, btemp+10, btemp+11
 Tracked objects:
		On entry : 
		On exit  : 
		Unchanged: 
 Data sizes:     COMRAM   BANK0   BANK1   BANK2   BANK3   BANK4   BANK5   BANK6   BANK7   BANK8   BANK9  BANK10  BANK11  BANK12  BANK13  BANK14  BANK15
      Params:         0       0       0       0       0       0       0       0       0       0       0       0       0       0       0       0       0
      Locals:         0       0       0       0       0       0       0       0       0       0       0       0       0       0       0       0       0
      Temps:          0       0       0       0       0       0       0       0       0       0       0       0       0       0       0       0       0
      Totals:         0       0       0       0       0       0       0       0       0       0       0       0       0       0       0       0       0
Total ram usage:        0 bytes
 Hardware stack levels used:    1
 Hardware stack levels required when called:    5
 This function calls:
		_RF24_read_register_d
		_RF24_write_register_d
 This function is called by:
		_RF24N_begin_d
		_RF24N_write_
		_RF24N_write
		_RF24N_write_to_pipe
 This function uses a reentrant model


 *************** function _isr *****************
 Defined at:
		line 13 in file "pic_main.c"
 Parameters:    Size  Location     Type
		None
 Auto vars:     Size  Location     Type
		None
 Return value:  Size  Location     Type
                  1    wreg      void 
 Registers used:
		wreg, status,2, status,0
 Tracked objects:
		On entry : 
		On exit  : 
		Unchanged: 
 Data sizes:     COMRAM   BANK0   BANK1   BANK2   BANK3   BANK4   BANK5   BANK6   BANK7   BANK8   BANK9  BANK10  BANK11  BANK12  BANK13  BANK14  BANK15
      Params:         0       0       0       0       0       0       0       0       0       0       0       0       0       0       0       0       0
      Locals:         0       0       0       0       0       0       0       0       0       0       0       0       0       0       0       0       0
      Temps:          2       0       0       0       0       0       0       0       0       0       0       0       0       0       0       0       0
      Totals:         2       0       0       0       0       0       0       0       0       0       0       0       0       0       0       0       0
Total ram usage:        2 bytes
 Hardware stack levels used:    1
 This function calls:
		Nothing
 This function is called by:
		Interrupt level 2
 This function uses a non-reentrant model



MODULE INFORMATION

Module		Function		Class		Link	Load	Size
../../../RF24_c/utility/XC8/spi.c
		_millis        		CODE           	76A2	0000	19
		_delay         		CODE           	65AE	0000	177
		_delayMicroseconds		CODE           	6984	0000	151
		_SPI_begin     		CODE           	75EA	0000	27
		_digitalWrite  		CODE           	32CE	0000	713
		_pinMode       		CODE           	2A40	0000	733
		_SPI_transfer  		CODE           	767C	0000	21

../../../RF24_c/utility/XC8/spi.c estimated size: 1841

serial.c
		_itoa_         		CODE           	72DE	0000	73
		_Serial_tx     		CODE           	76C2	0000	15
		_Serial_begin  		CODE           	62C4	0000	193
		_Serial_print  		CODE           	64F8	0000	183
		_Serial_println		CODE           	7578	0000	33

serial.c estimated size: 497

/opt/microchip/xc8/v1.38/sources/common/lwmod.c
		___lwmod       		CODE           	6384	0000	189

/opt/microchip/xc8/v1.38/sources/common/lwmod.c estimated size: 189

/opt/microchip/xc8/v1.38/sources/common/llmod.c
		___llmod       		CODE           	61EE	0000	215

/opt/microchip/xc8/v1.38/sources/common/llmod.c estimated size: 215

../../../RF24_c/RF24_c.c
		_RF24_setChannel		CODE           	710C	0000	81
		_RF24_txStandBy_t		CODE           	58E2	0000	309
		_RF24_setRetries		CODE           	7470	0000	57
		_RF24_available_p		CODE           	6F7A	0000	105
		_RF24_read     		CODE           	73F4	0000	63
		_RF24_openReadingPipe_d		CODE           	44FA	0000	539
		_RF24_openWritingPipe_d		CODE           	5A16	0000	269
		_RF24_write_payload		CODE           	54CC	0000	365
		_RF24_spiTrans 		CODE           	7432	0000	63
		_RF24_init     		CODE           	6016	0000	239
		_RF24_available		CODE           	7598	0000	29
		_RF24_endTransaction		CODE           	761C	0000	25
		_RF24_closeReadingPipe		CODE           	6F12	0000	105
		_RF24_beginTransaction		CODE           	7634	0000	25
		_RF24_read_payload		CODE           	578E	0000	341
		_RF24_stopListening		CODE           	5F24	0000	243
		_RF24_getDynamicPayloadSize		CODE           	6D60	0000	111
		_RF24_enableDynamicPayloads		CODE           	6B22	0000	119
		_RF24_powerUp  		CODE           	71F8	0000	79
		_RF24_toggle_features_d		CODE           	74A8	0000	51
		_RF24_read_register_d		CODE           	7326	0000	73
		_RF24_setDataRate		CODE           	5C2C	0000	261
		_RF24_csn_d    		CODE           	715C	0000	79
		_RF24_begin    		CODE           	42DC	0000	543
		_RF24_write_register_d		CODE           	7292	0000	77
		_RF24_setAutoAck_p		CODE           	670A	0000	169
		_RF24_isValid  		CODE           	7246	0000	77
		_RF24_rxFifoFull		CODE           	75B4	0000	29
		_RF24_startListening		CODE           	5B22	0000	267
		_RF24_startFastWrite		CODE           	6EA6	0000	109
		_RF24_writeFast_m		CODE           	6B98	0000	119
		_RF24_get_status		CODE           	764C	0000	25
		_RF24_write_register_c_d		CODE           	6C80	0000	113
		_RF24_flush_rx 		CODE           	7604	0000	25
		_RF24_flush_tx 		CODE           	7664	0000	25
		_RF24_ce_d     		CODE           	71AA	0000	79

../../../RF24_c/RF24_c.c estimated size: 5288

RF24Mesh_Example.c
		_loop          		CODE           	4EAE	0000	411
		_setup         		CODE           	6854	0000	155

RF24Mesh_Example.c estimated size: 566

/opt/microchip/xc8/v1.38/sources/common/lwdiv.c
		___lwdiv       		CODE           	6104	0000	235

/opt/microchip/xc8/v1.38/sources/common/lwdiv.c estimated size: 235

../../RF24Mesh_c.c
		_RF24M_write_n 		CODE           	6440	0000	185
		_RF24M_getAddress		CODE           	2FF6	0000	729
		_RF24M_renewAddress		CODE           	3596	0000	601
		_RF24M_init    		CODE           	6FE2	0000	103
		_RF24M_getNodeID		CODE           	275A	0000	743
		_RF24M_setAddress		CODE           	4912	0000	507
		_RF24M_begin   		CODE           	40BE	0000	543
		_RF24M_loadDHCP		CODE           	76D0	0000	7
		_RF24M_setNodeID		CODE           	75D0	0000	27
		_RF24M_update  		CODE           	2316	0000	1093
		_RF24M_requestAddress		CODE           	190A	0000	1441
		_RF24M_checkConnection		CODE           	5350	0000	381
		_RF24M_write   		CODE           	51D2	0000	383

../../RF24Mesh_c.c estimated size: 6743

umalloc.c
		_malloc        		CODE           	6C0E	0000	115
		_free          		CODE           	7690	0000	19
		_realloc       		CODE           	7552	0000	39

umalloc.c estimated size: 173

/opt/microchip/xc8/v1.38/sources/common/lbmod.c
		___lbmod       		CODE           	6A1A	0000	143

/opt/microchip/xc8/v1.38/sources/common/lbmod.c estimated size: 143

/opt/microchip/xc8/v1.38/sources/common/lldiv.c
		___lldiv       		CODE           	5D30	0000	259

/opt/microchip/xc8/v1.38/sources/common/lldiv.c estimated size: 259

/opt/microchip/xc8/v1.38/sources/common/memcpy.c
		_memcpy        		CODE           	5E32	0000	243

/opt/microchip/xc8/v1.38/sources/common/memcpy.c estimated size: 243

/opt/microchip/xc8/v1.38/sources/common/ltoa.c
		_ultoa         		CODE           	3A42	0000	565

/opt/microchip/xc8/v1.38/sources/common/ltoa.c estimated size: 565

pic_main.c
		_main          		CODE           	7504	0000	41
		_isr           		CODE           	0008	0000	55

pic_main.c estimated size: 96

shared
		_rf24_datarate_e_str_2		MEDIUMCONST    	0000	0000	0
		_child_pipe    		MEDIUMCONST    	FDB5	0000	7
		_rf24_crclength_e_str_0		MEDIUMCONST    	0000	0000	0
		_rf24_crclength_e_str_P		MEDIUMCONST    	0000	0000	0
		_rf24_datarate_e_str_P		MEDIUMCONST    	0000	0000	0
		_rf24_pa_dbm_e_str_0		MEDIUMCONST    	0000	0000	0
		_rf24_model_e_str_P		MEDIUMCONST    	0000	0000	0
		_dpowers       		MEDIUMCONST    	0000	0000	0
		_rf24_pa_dbm_e_str_1		MEDIUMCONST    	0000	0000	0
		_child_pipe_enable		MEDIUMCONST    	FDBB	0000	7
		_rf24_pa_dbm_e_str_2		MEDIUMCONST    	0000	0000	0
		_rf24_pa_dbm_e_str_3		MEDIUMCONST    	0000	0000	0
		_rf24_crclength_e_str_1		MEDIUMCONST    	0000	0000	0
		__initialization		CODE           	70AE	0000	89
		_octpowers     		MEDIUMCONST    	0000	0000	0
		_rf24_model_e_str_0		MEDIUMCONST    	0000	0000	0
		_rf24_model_e_str_1		MEDIUMCONST    	0000	0000	0
		_rf24_pa_dbm_e_str_P		MEDIUMCONST    	0000	0000	0
		_hexpowers     		MEDIUMCONST    	0000	0000	0
		_rf24_datarate_e_str_0		MEDIUMCONST    	0000	0000	0
		_child_payload_size		MEDIUMCONST    	FDAF	0000	7
		_rf24_crclength_e_str_2		MEDIUMCONST    	0000	0000	0
		_rf24_datarate_e_str_1		MEDIUMCONST    	0000	0000	0

shared estimated size: 110

/opt/microchip/xc8/v1.38/sources/common/Umul16.c
		___wmul        		CODE           	68EE	0000	151

/opt/microchip/xc8/v1.38/sources/common/Umul16.c estimated size: 151

../../../RF24Network_c/RF24Network_c.c
		_RF24N_pipe_address		CODE           	4CEE	0000	449
		_RF24N_write_to_pipe		CODE           	37EE	0000	597
		_RF24N_write   		CODE           	1EAA	0000	1133
		_RF24N_write_  		CODE           	1334	0000	1495
		_RF24N_logicalToPhysicalAddress		CODE           	4B0C	0000	483
		_RF24N_write_m 		CODE           	73B2	0000	67
		_RF24N_init    		CODE           	5638	0000	343
		_RF24N_available		CODE           	736E	0000	69
		_RF24N_direct_child_route_to		CODE           	6E3A	0000	109
		_RF24N__write  		CODE           	5048	0000	395
		_RF24N_is_valid_address		CODE           	6CF0	0000	113
		_RF24N_read    		CODE           	3E9E	0000	545
		_RF24N_begin   		CODE           	752C	0000	39
		_RF24NH_init   		CODE           	6AA8	0000	123
		_RF24N_begin_d 		CODE           	2D1C	0000	731
		_RF24N_update  		CODE           	0B74	0000	1985
		_RF24N_levelToAddress		CODE           	7048	0000	103
		_RF24N_multicast		CODE           	67B2	0000	163
		_RF24N_enqueue 		CODE           	001C	0000	2905
		_RF24N_is_direct_child		CODE           	665E	0000	173
		_RF24N_is_descendant		CODE           	6DCE	0000	109
		_RF24N_setup_address		CODE           	3C76	0000	553

../../../RF24Network_c/RF24Network_c.c estimated size: 12682

/opt/microchip/xc8/v1.38/sources/common/memmove.c
		_memmove       		CODE           	4714	0000	511

/opt/microchip/xc8/v1.38/sources/common/memmove.c estimated size: 511

