Microchip MPLAB XC8 Compiler V1.36 ()

Linker command line:

-W-3 --edf=/opt/microchip/xc8/v1.36/dat/en_msgs.txt -cs \
  -h+dist/xc8/production/RF24Mesh_Example.X.production.sym \
  --cmf=dist/xc8/production/RF24Mesh_Example.X.production.cmf -z -Q18F4620 \
  -o/tmp/xcXBdWZvc -Mdist/xc8/production/RF24Mesh_Example.X.production.map \
  -E1 -ver=XC8 -ASTACK=0326h-0f7fh -pstack=STACK -ACODE=00h-0FFFFh \
  -ACONST=00h-0FFFFh -ASMALLCONST=01000h-010FFhx240 \
  -AMEDIUMCONST=01000h-0FFFFh -ACOMRAM=01h-07Fh -AABS1=00h-0F7Fh \
  -ABIGRAM=01h-0F7Fh -ARAM=080h-0FFh,0100h-01FFhx14,0F00h-0F7Fh \
  -ABANK0=080h-0FFh -ABANK1=0100h-01FFh -ABANK2=0200h-02FFh \
  -ABANK3=0300h-03FFh -ABANK4=0400h-04FFh -ABANK5=0500h-05FFh \
  -ABANK6=0600h-06FFh -ABANK7=0700h-07FFh -ABANK8=0800h-08FFh \
  -ABANK9=0900h-09FFh -ABANK10=0A00h-0AFFh -ABANK11=0B00h-0BFFh \
  -ABANK12=0C00h-0CFFh -ABANK13=0D00h-0DFFh -ABANK14=0E00h-0EFFh \
  -ABANK15=0F00h-0F7Fh -ASFR=0F80h-0FFFh \
  -preset_vec=00h,intcode=08h,intcodelo,powerup,init,end_init \
  -pramtop=01000h -psmallconst=SMALLCONST -pmediumconst=MEDIUMCONST \
  -pconst=CONST -AFARRAM=00h-00h -ACONFIG=0300000h-030000Dh -pconfig=CONFIG \
  -AIDLOC=0200000h-0200007h -pidloc=IDLOC -AEEDATA=0F00000h-0F003FFh \
  -peeprom_data=EEDATA \
  -prdata=COMRAM,nvrram=COMRAM,nvbit=COMRAM,rbss=COMRAM,rbit=COMRAM \
  -pfarbss=FARRAM,fardata=FARRAM,nvFARRAM=FARRAM \
  -pintsave_regs=BIGRAM,bigbss=BIGRAM,bigdata=BIGRAM -pbss=RAM \
  -pidata=CODE,irdata=CODE,ibigdata=CODE,ifardata=CODE -prparam=COMRAM \
  /tmp/xcXRiGGm2.obj dist/xc8/production/RF24Mesh_Example.X.production.obj 

Object code version is 3.11

Machine type is 18F4620

Call graph: (short form)




                Name                               Link     Load   Length Selector   Space Scale
/tmp/xcXRiGGm2.obj
                stack                               326      326      C5A      326       2
                end_init                             18       18        4        4       0
                init                                 14       14        4        4       0
                reset_vec                             0        0        4        0       0
                idloc                            200000   200000        8   200000       0
                config                           300000   300000        E   300000       0
dist/xc8/production/RF24Mesh_Example.X.production.obj
                intcode                               8        8        C        4       0
                temp                                 6E       6E        C        1       1
                smallconst                         1000     1000       76      800       0
                intcode_body                       4D6A     4D6A       2C      83B       0
                text101                            1EBA     1EBA      316      83B       0
                text100                            15EA     15EA      552      83B       0
                text99                             48D8     48D8       56      83B       0
                text98                             3DAC     3DAC       BC      83B       0
                text97                             4528     4528       6A      83B       0
                text96                             4880     4880       58      83B       0
                text95                             4EC0     4EC0       20      83B       0
                text94                             4EE0     4EE0       1E      83B       0
                text93                             49CC     49CC       4A      83B       0
                text92                             4FCA     4FCA       12      83B       0
                text91                             4C40     4C40       36      83B       0
                text90                             4F36     4F36       1C      83B       0
                text89                             4980     4980       4C      83B       0
                text88                             4CDC     4CDC       32      83B       0
                text87                             4E34     4E34       26      83B       0
                text86                             5084     5084        8      83B       0
                text85                             4F1A     4F1A       1C      83B       0
                text84                             4B1E     4B1E       40      83B       0
                text83                             4E9E     4E9E       22      83B       0
                text82                             359A     359A      11E      83B       0
                text81                             4F86     4F86       18      83B       0
                text80                             507C     507C        8      83B       0
                text79                             5074     5074        8      83B       0
                text78                             4FEC     4FEC       10      83B       0
                text77                             4C76     4C76       34      83B       0
                text76                             3FC0     3FC0       94      83B       0
                text75                             4C0A     4C0A       36      83B       0
                text74                             4D3C     4D3C       2E      83B       0
                text73                             465C     465C       64      83B       0
                text72                             389E     389E       E2      83B       0
                text71                             492E     492E       52      83B       0
                text70                             4828     4828       58      83B       0
                text69                             1076     1076      574      83B       0
                text68                             436A     436A       76      83B       0
                text67                             4EFE     4EFE       1C      83B       0
                text66                             506C     506C        8      83B       0
                text65                             4BD2     4BD2       38      83B       0
                text64                             4ADE     4ADE       40      83B       0
                text63                             4B9A     4B9A       38      83B       0
                text62                             4A16     4A16       46      83B       0
                text61                             5064     5064        8      83B       0
                text60                             4FB4     4FB4       16      83B       0
                text59                             4172     4172       86      83B       0
                text58                             4054     4054       92      83B       0
                text57                             2760     2760      27E      83B       0
                text56                             4A9E     4A9E       40      83B       0
                text55                             5042     5042        A      83B       0
                text54                             3C12     3C12       D6      83B       0
                text53                             4A5C     4A5C       42      83B       0
                text52                             4E0E     4E0E       26      83B       0
                text51                             21D0     21D0      312      83B       0
                text50                             4D96     4D96       2A      83B       0
                text49                             2E3E     2E3E      20E      83B       0
                text48                             29DE     29DE      234      83B       0
                text47                             5038     5038        A      83B       0
                text46                             47D0     47D0       58      83B       0
                text45                             4E7C     4E7C       22      83B       0
                text44                             3CE8     3CE8       C4      83B       0
                text43                             2C12     2C12      22C      83B       0
                text42                             505C     505C        8      83B       0
                text41                             502E     502E        A      83B       0
                text40                             3E68     3E68       B8      83B       0
                text39                             3A5E     3A5E       DC      83B       0
                text38                             4DC0     4DC0       28      83B       0
                text37                             334E     334E      12A      83B       0
                text36                             4DE8     4DE8       26      83B       0
                text35                             4E5A     4E5A       22      83B       0
                text34                             3B3A     3B3A       D8      83B       0
                text33                             4FDC     4FDC       10      83B       0
                text32                             45F8     45F8       64      83B       0
                text31                             1B3C     1B3C      37E      83B       0
                text30                             5022     5022        C      83B       0
                text29                             4FFC     4FFC        E      83B       0
                text28                             43E0     43E0       70      83B       0
                text27                             31E4     31E4      16A      83B       0
                text26                             471C     471C       5C      83B       0
                text25                             37AE     37AE       F0      83B       0
                text24                             3F20     3F20       A0      83B       0
                text23                             3478     3478      122      83B       0
                text22                             5016     5016        C      83B       0
                text21                             42F4     42F4       76      83B       0
                text20                             4F6C     4F6C       1A      83B       0
                text19                             41F8     41F8       82      83B       0
                text18                             4592     4592       66      83B       0
                text17                             36B8     36B8       F6      83B       0
                text16                             4D0E     4D0E       2E      83B       0
                text15                             304C     304C      198      83B       0
                text14                             5090     5090        2      83B       0
                text13                             5054     5054        8      83B       0
                text12                             44BE     44BE       6A      83B       0
                text11                             4F9E     4F9E       16      83B       0
                text10                             4F52     4F52       1A      83B       0
                text9                              24E2     24E2      27E      83B       0
                text8                              3980     3980       DE      83B       0
                text7                              40E6     40E6       8C      83B       0
                text6                              508E     508E        2      83B       0
                text5                              504C     504C        8      83B       0
                text4                              46C0     46C0       5C      83B       0
                text3                              4B5E     4B5E       3C      83B       0
                text2                              427A     427A       7A      83B       0
                text1                              4778     4778       58      83B       0
                text0                              4CAA     4CAA       32      83B       0
                cstackCOMRAM                          1        1       6D        1       1
                cstackBANK0                          80       80       68       80       1
                cstackBANK1                         198      198       10      100       1
                bssBIGRAM                           1B4      1B4      172      1B4       1
                dataBANK1                           1A8      1A8        C      100       1
                bssBANK1                            100      100       98      100       1
                dataBANK0                            F0       F0        2       80       1
                bssBANK0                             E8       E8        8       80       1
                bssCOMRAM                            7A       7A        2        1       1
                cinit                              4450     4450       6E      83B       0
                idataBANK1                         500A     500A        C      83B       0
                idataBANK0                         508C     508C        2      83B       0

TOTAL           Name                               Link     Load   Length     Space
        CLASS   STACK          
                stack                               326      326      C5A         2

        CLASS   CODE           
                end_init                             18       18        4         0
                init                                 14       14        4         0
                intcode                               8        8        C         0
                reset_vec                             0        0        4         0
                intcode_body                       4D6A     4D6A       2C         0
                text101                            1EBA     1EBA      316         0
                text100                            15EA     15EA      552         0
                text99                             48D8     48D8       56         0
                text98                             3DAC     3DAC       BC         0
                text97                             4528     4528       6A         0
                text96                             4880     4880       58         0
                text95                             4EC0     4EC0       20         0
                text94                             4EE0     4EE0       1E         0
                text93                             49CC     49CC       4A         0
                text92                             4FCA     4FCA       12         0
                text91                             4C40     4C40       36         0
                text90                             4F36     4F36       1C         0
                text89                             4980     4980       4C         0
                text88                             4CDC     4CDC       32         0
                text87                             4E34     4E34       26         0
                text86                             5084     5084        8         0
                text85                             4F1A     4F1A       1C         0
                text84                             4B1E     4B1E       40         0
                text83                             4E9E     4E9E       22         0
                text82                             359A     359A      11E         0
                text81                             4F86     4F86       18         0
                text80                             507C     507C        8         0
                text79                             5074     5074        8         0
                text78                             4FEC     4FEC       10         0
                text77                             4C76     4C76       34         0
                text76                             3FC0     3FC0       94         0
                text75                             4C0A     4C0A       36         0
                text74                             4D3C     4D3C       2E         0
                text73                             465C     465C       64         0
                text72                             389E     389E       E2         0
                text71                             492E     492E       52         0
                text70                             4828     4828       58         0
                text69                             1076     1076      574         0
                text68                             436A     436A       76         0
                text67                             4EFE     4EFE       1C         0
                text66                             506C     506C        8         0
                text65                             4BD2     4BD2       38         0
                text64                             4ADE     4ADE       40         0
                text63                             4B9A     4B9A       38         0
                text62                             4A16     4A16       46         0
                text61                             5064     5064        8         0
                text60                             4FB4     4FB4       16         0
                text59                             4172     4172       86         0
                text58                             4054     4054       92         0
                text57                             2760     2760      27E         0
                text56                             4A9E     4A9E       40         0
                text55                             5042     5042        A         0
                text54                             3C12     3C12       D6         0
                text53                             4A5C     4A5C       42         0
                text52                             4E0E     4E0E       26         0
                text51                             21D0     21D0      312         0
                text50                             4D96     4D96       2A         0
                text49                             2E3E     2E3E      20E         0
                text48                             29DE     29DE      234         0
                text47                             5038     5038        A         0
                text46                             47D0     47D0       58         0
                text45                             4E7C     4E7C       22         0
                text44                             3CE8     3CE8       C4         0
                text43                             2C12     2C12      22C         0
                text42                             505C     505C        8         0
                text41                             502E     502E        A         0
                text40                             3E68     3E68       B8         0
                text39                             3A5E     3A5E       DC         0
                text38                             4DC0     4DC0       28         0
                text37                             334E     334E      12A         0
                text36                             4DE8     4DE8       26         0
                text35                             4E5A     4E5A       22         0
                text34                             3B3A     3B3A       D8         0
                text33                             4FDC     4FDC       10         0
                text32                             45F8     45F8       64         0
                text31                             1B3C     1B3C      37E         0
                text30                             5022     5022        C         0
                text29                             4FFC     4FFC        E         0
                text28                             43E0     43E0       70         0
                text27                             31E4     31E4      16A         0
                text26                             471C     471C       5C         0
                text25                             37AE     37AE       F0         0
                text24                             3F20     3F20       A0         0
                text23                             3478     3478      122         0
                text22                             5016     5016        C         0
                text21                             42F4     42F4       76         0
                text20                             4F6C     4F6C       1A         0
                text19                             41F8     41F8       82         0
                text18                             4592     4592       66         0
                text17                             36B8     36B8       F6         0
                text16                             4D0E     4D0E       2E         0
                text15                             304C     304C      198         0
                text14                             5090     5090        2         0
                text13                             5054     5054        8         0
                text12                             44BE     44BE       6A         0
                text11                             4F9E     4F9E       16         0
                text10                             4F52     4F52       1A         0
                text9                              24E2     24E2      27E         0
                text8                              3980     3980       DE         0
                text7                              40E6     40E6       8C         0
                text6                              508E     508E        2         0
                text5                              504C     504C        8         0
                text4                              46C0     46C0       5C         0
                text3                              4B5E     4B5E       3C         0
                text2                              427A     427A       7A         0
                text1                              4778     4778       58         0
                text0                              4CAA     4CAA       32         0
                cinit                              4450     4450       6E         0
                idataBANK1                         500A     500A        C         0
                idataBANK0                         508C     508C        2         0

        CLASS   CONST          

        CLASS   SMALLCONST     
                smallconst                         1000     1000       76         0

        CLASS   MEDIUMCONST    

        CLASS   COMRAM         
                temp                                 6E       6E        C         1
                cstackCOMRAM                          1        1       6D         1
                bssCOMRAM                            7A       7A        2         1

        CLASS   ABS1           

        CLASS   BIGRAM         
                bssBIGRAM                           1B4      1B4      172         1

        CLASS   RAM            

        CLASS   BANK0          
                cstackBANK0                          80       80       68         1
                dataBANK0                            F0       F0        2         1
                bssBANK0                             E8       E8        8         1

        CLASS   BANK1          
                cstackBANK1                         198      198       10         1
                dataBANK1                           1A8      1A8        C         1
                bssBANK1                            100      100       98         1

        CLASS   BANK2          

        CLASS   BANK3          

        CLASS   BANK4          

        CLASS   BANK5          

        CLASS   BANK6          

        CLASS   BANK7          

        CLASS   BANK8          

        CLASS   BANK9          

        CLASS   BANK10         

        CLASS   BANK11         

        CLASS   BANK12         

        CLASS   BANK13         

        CLASS   BANK14         

        CLASS   BANK15         

        CLASS   SFR            

        CLASS   FARRAM         

        CLASS   CONFIG         
                config                           300000   300000        E         0

        CLASS   IDLOC          
                idloc                            200000   200000        8         0

        CLASS   EEDATA         



SEGMENTS        Name                           Load    Length   Top    Selector   Space  Class

                reset_vec                      000000  000004  000004         0       0  CODE    
                cstackCOMRAM                   000001  00007B  00007C         1       1  COMRAM  
                intcode                        000008  000014  00001C         4       0  CODE    
                cstackBANK0                    000080  000072  0000F2        80       1  BANK0   
                bssBANK1                       000100  0000B4  0001B4       100       1  BANK1   
                bssBIGRAM                      0001B4  000172  000326       1B4       1  BIGRAM  
                stack                          000326  000C5A  000F80       326       2  STACK   
                smallconst                     001000  000076  001076       800       0  SMALLCON
                text69                         001076  00401C  005092       83B       0  CODE    
                idloc                          200000  000008  200008    200000       0  IDLOC   
                config                         300000  00000E  30000E    300000       0  CONFIG  


UNUSED ADDRESS RANGES

        Name                Unused          Largest block    Delta
        BANK0            0000F2-0000FF                E
        BANK10           000A00-000AFF              100
        BANK11           000B00-000BFF              100
        BANK12           000C00-000CFF              100
        BANK13           000D00-000DFF              100
        BANK14           000E00-000EFF              100
        BANK15           000F00-000F7F               80
        BANK3            000326-0003FF               DA
        BANK4            000400-0004FF              100
        BANK5            000500-0005FF              100
        BANK6            000600-0006FF              100
        BANK7            000700-0007FF              100
        BANK8            000800-0008FF              100
        BANK9            000900-0009FF              100
        BIGRAM           00007C-00007F                4
                         0000F2-0000FF                E
                         000326-000F7F              C5A
        CODE             000004-000007                4
                         00001C-000FFF              FE4
                         005092-00FFFF             AF6E
        COMRAM           00007C-00007F                4
        CONST            000004-000007                4
                         00001C-000FFF              FE4
                         005092-00FFFF             AF6E
        EEDATA           F00000-F003FF              400
        MEDIUMCONST      005092-00FFFF             AF6E
        RAM              0000F2-0000FF                E
                         000326-000F7F              100
        SFR              000F80-000FFF               80
        SMALLCONST       005092-00FFFF              100

                                  Symbol Table

?_RF24M_getAddress                                      cstackBANK0  0000A4
?_RF24M_getNodeID                                       cstackBANK0  000087
?_RF24M_renewAddress                                    cstackBANK0  0000C7
?_RF24N_direct_child_route_to                           cstackCOMRAM 000003
?_RF24N_getFrame_buffer                                 cstackCOMRAM 000003
?_RF24N_levelToAddress                                  cstackCOMRAM 000003
?___awmod                                               cstackCOMRAM 000003
?___lldiv                                               cstackCOMRAM 000003
?___llmod                                               cstackCOMRAM 000003
?___lwdiv                                               cstackCOMRAM 000003
?___lwmod                                               cstackCOMRAM 000003
?___wmul                                                cstackCOMRAM 000003
?_itoa_                                                 cstackCOMRAM 00001D
?_malloc                                                cstackCOMRAM 000003
?_millis                                                cstackCOMRAM 000003
?_realloc                                               cstackCOMRAM 00000C
RF24M_begin@channel                                     cstackCOMRAM 00006D
RF24M_begin@data_rate                                   cstackBANK0  0000D9
RF24M_begin@timeout                                     cstackBANK0  0000DA
RF24M_checkConnection@count                             cstackBANK0  0000D6
RF24M_checkConnection@header                            cstackBANK0  0000D8
RF24M_checkConnection@ok                                cstackBANK0  0000D7
RF24M_getAddress@address                                cstackBANK0  0000B8
RF24M_getAddress@header                                 cstackBANK0  0000BA
RF24M_getAddress@i                                      cstackBANK0  0000B7
RF24M_getAddress@nodeID                                 cstackBANK0  0000B6
RF24M_getAddress@timeout                                cstackBANK0  0000B2
RF24M_getAddress@timer                                  cstackBANK0  0000AE
RF24M_getNodeID@ID                                      cstackBANK0  000099
RF24M_getNodeID@address                                 cstackBANK0  000087
RF24M_getNodeID@header                                  cstackBANK0  00009C
RF24M_getNodeID@i                                       cstackBANK0  00009B
RF24M_getNodeID@timeout                                 cstackBANK0  000095
RF24M_getNodeID@timer                                   cstackBANK0  000091
RF24M_renewAddress@reqCounter                           cstackBANK0  0000D8
RF24M_renewAddress@start                                cstackBANK0  0000D3
RF24M_renewAddress@timeout                              cstackBANK0  0000C7
RF24M_renewAddress@totalReqs                            cstackBANK0  0000D7
RF24M_requestAddress@contactNode                        cstackBANK0  0000AC
RF24M_requestAddress@header                             cstackBANK0  0000BF
RF24M_requestAddress@i                                  cstackBANK0  0000BD
RF24M_requestAddress@level                              cstackBANK0  0000B4
RF24M_requestAddress@newAddress                         cstackBANK0  0000BB
RF24M_requestAddress@pollCount                          cstackBANK0  0000BE
RF24M_requestAddress@registerAddrCount                  cstackBANK0  0000B5
RF24M_requestAddress@timr                               cstackBANK0  0000B7
RF24M_requestAddress@type                               cstackBANK0  0000B6
RF24M_setAddress@address                                cstackCOMRAM 000010
RF24M_setAddress@i                                      cstackCOMRAM 000016
RF24M_setAddress@nodeID                                 cstackCOMRAM 000014
RF24M_setAddress@position                               cstackCOMRAM 000015
RF24M_setNodeID@nodeID                                  cstackCOMRAM 000003
RF24M_update@fromAddr                                   cstackBANK0  0000C8
RF24M_update@header                                     cstackBANK0  0000D3
RF24M_update@header_2266                                cstackBANK0  0000CA
RF24M_update@i                                          cstackBANK0  0000D2
RF24M_update@returnAddr                                 cstackBANK0  0000CE
RF24M_update@returnAddr_2261                            cstackBANK0  0000D0
RF24M_update@type                                       cstackBANK0  0000D5
RF24M_write@data                                        cstackBANK0  0000C2
RF24M_write@lookupTimeout                               cstackBANK0  0000C8
RF24M_write@msg_type                                    cstackBANK0  0000C4
RF24M_write@nodeID                                      cstackBANK0  0000C7
RF24M_write@retryDelay                                  cstackBANK0  0000CC
RF24M_write@size                                        cstackBANK0  0000C5
RF24M_write@toNode                                      cstackBANK0  0000D0
RF24M_write_n@data                                      cstackBANK0  000089
RF24M_write_n@header                                    cstackBANK0  00008E
RF24M_write_n@msg_type                                  cstackBANK0  00008B
RF24M_write_n@size                                      cstackBANK0  00008C
RF24M_write_n@to_node                                   cstackBANK0  000087
RF24NH_init@_to                                         cstackCOMRAM 000005
RF24NH_init@_type                                       cstackCOMRAM 000007
RF24NH_init@rnh                                         cstackCOMRAM 000003
RF24N__write@header                                     cstackCOMRAM 000045
RF24N__write@len                                        cstackCOMRAM 00004A
RF24N__write@message                                    cstackCOMRAM 000047
RF24N__write@sendType                                   cstackCOMRAM 000050
RF24N__write@writeDirect                                cstackCOMRAM 00004C
RF24N_begin@_node_address                               cstackCOMRAM 00002F
RF24N_begin_d@_channel                                  cstackCOMRAM 00002D
RF24N_begin_d@_node_address                             cstackCOMRAM 000025
RF24N_begin_d@addr                                      cstackCOMRAM 000027
RF24N_begin_d@i                                         cstackCOMRAM 00002E
RF24N_begin_d@retryVar                                  cstackCOMRAM 00002C
RF24N_direct_child_route_to@child_mask                  cstackCOMRAM 000009
RF24N_direct_child_route_to@node                        cstackCOMRAM 000003
RF24N_enqueue@header                                    cstackCOMRAM 00001C
RF24N_enqueue@isFragment                                cstackCOMRAM 00002C
RF24N_enqueue@message_size                              cstackCOMRAM 000031
RF24N_enqueue@padding                                   cstackCOMRAM 00002D
RF24N_enqueue@padding_2600                              cstackCOMRAM 00002E
RF24N_enqueue@result                                    cstackCOMRAM 000030
RF24N_is_descendant@node                                cstackCOMRAM 000003
RF24N_is_direct_child@child_node_mask                   cstackCOMRAM 000012
RF24N_is_direct_child@node                              cstackCOMRAM 000009
RF24N_is_direct_child@result                            cstackCOMRAM 000014
RF24N_is_valid_address@digit                            cstackCOMRAM 000007
RF24N_is_valid_address@node                             cstackCOMRAM 000003
RF24N_is_valid_address@result                           cstackCOMRAM 000008
RF24N_levelToAddress@level                              cstackCOMRAM 00000B
RF24N_levelToAddress@levelAddr                          cstackCOMRAM 00000C
RF24N_logicalToPhysicalAddress@conversionInfo           cstackCOMRAM 000015
RF24N_logicalToPhysicalAddress@directTo                 cstackCOMRAM 000025
RF24N_logicalToPhysicalAddress@multicast                cstackCOMRAM 000021
RF24N_logicalToPhysicalAddress@pre_conversion_send_node cstackCOMRAM 000023
RF24N_logicalToPhysicalAddress@pre_conversion_send_pipe cstackCOMRAM 000027
RF24N_logicalToPhysicalAddress@to_node                  cstackCOMRAM 000028
RF24N_multicast@header                                  cstackBANK0  000080
RF24N_multicast@len                                     cstackBANK0  000085
RF24N_multicast@level                                   cstackBANK0  000087
RF24N_multicast@message                                 cstackBANK0  000082
RF24N_pipe_address@F3852                                dataBANK1    0001AF
RF24N_pipe_address@address                              cstackCOMRAM 000006
RF24N_pipe_address@address_translation                  dataBANK1    0001A8
RF24N_pipe_address@count                                cstackCOMRAM 00001E
RF24N_pipe_address@dec                                  cstackCOMRAM 00001C
RF24N_pipe_address@i                                    cstackCOMRAM 000021
RF24N_pipe_address@node                                 cstackCOMRAM 000003
RF24N_pipe_address@out                                  cstackCOMRAM 00001F
RF24N_pipe_address@pipe                                 cstackCOMRAM 000005
RF24N_pipe_address@result                               cstackCOMRAM 000017
RF24N_read@bufsize                                      cstackCOMRAM 00001C
RF24N_read@header                                       cstackCOMRAM 00000F
RF24N_read@maxlen                                       cstackCOMRAM 000013
RF24N_read@message                                      cstackCOMRAM 000011
RF24N_read@padding                                      cstackCOMRAM 00001B
RF24N_setNetworkFlags@nf                                cstackCOMRAM 000003
RF24N_setup_address@count                               cstackCOMRAM 000009
RF24N_setup_address@i                                   cstackCOMRAM 000005
RF24N_setup_address@m                                   cstackCOMRAM 000007
RF24N_setup_address@node_mask_check                     cstackCOMRAM 00000C
RF24N_setup_address@parent_mask                         cstackCOMRAM 00000A
RF24N_write_@fragmentLen                                cstackCOMRAM 000064
RF24N_write_@fragment_id                                cstackCOMRAM 00006A
RF24N_write_@header                                     cstackCOMRAM 000051
RF24N_write_@len                                        cstackCOMRAM 000056
RF24N_write_@message                                    cstackCOMRAM 000053
RF24N_write_@msgCount                                   cstackCOMRAM 000066
RF24N_write_@offset                                     cstackCOMRAM 000067
RF24N_write_@ok                                         cstackCOMRAM 000069
RF24N_write_@retriesPerFrag                             cstackCOMRAM 000062
RF24N_write_@type                                       cstackCOMRAM 000063
RF24N_write_@writeDirect                                cstackCOMRAM 000058
RF24N_write_m@header                                    cstackBANK0  000080
RF24N_write_m@len                                       cstackBANK0  000085
RF24N_write_m@message                                   cstackBANK0  000082
RF24N_write_to_pipe@multicast                           cstackCOMRAM 000038
RF24N_write_to_pipe@node                                cstackCOMRAM 000035
RF24N_write_to_pipe@ok                                  cstackCOMRAM 000044
RF24N_write_to_pipe@out_pipe                            cstackCOMRAM 00003F
RF24N_write_to_pipe@pipe                                cstackCOMRAM 000037
RF24_available_p@pipe_num                               cstackCOMRAM 000015
RF24_available_p@status                                 cstackCOMRAM 000019
RF24_begin@setup                                        cstackCOMRAM 00001F
RF24_ce_d@level                                         cstackCOMRAM 000007
RF24_closeReadingPipe@pipe                              cstackCOMRAM 00001E
RF24_csn_d@mode                                         cstackCOMRAM 000010
RF24_getDynamicPayloadSize@result                       cstackCOMRAM 000016
RF24_init@_cepin                                        cstackCOMRAM 000004
RF24_init@_cspin                                        cstackCOMRAM 000003
RF24_openReadingPipe_d@address                          cstackCOMRAM 00001E
RF24_openReadingPipe_d@address_                         cstackCOMRAM 00001A
RF24_openReadingPipe_d@child                            cstackCOMRAM 000024
RF24_openReadingPipe_d@i                                cstackCOMRAM 000023
RF24_openWritingPipe_d@i                                cstackCOMRAM 000029
RF24_openWritingPipe_d@value                            cstackCOMRAM 000024
RF24_openWritingPipe_d@value_                           cstackCOMRAM 00001A
RF24_powerUp@cfg                                        cstackCOMRAM 00001B
RF24_read@buf                                           cstackCOMRAM 000022
RF24_read@len                                           cstackCOMRAM 000024
RF24_read_payload@blank_len                             cstackCOMRAM 00001D
RF24_read_payload@buf                                   cstackCOMRAM 000011
RF24_read_payload@current                               cstackCOMRAM 00001E
RF24_read_payload@data_len                              cstackCOMRAM 000013
RF24_read_payload@status                                cstackCOMRAM 00001C
RF24_read_register_d@reg                                cstackCOMRAM 000013
RF24_read_register_d@result                             cstackCOMRAM 000014
RF24_setAutoAck_p@en_aa                                 cstackCOMRAM 00001F
RF24_setAutoAck_p@enable                                cstackCOMRAM 00001A
RF24_setAutoAck_p@pipe                                  cstackCOMRAM 000020
RF24_setChannel@channel                                 cstackCOMRAM 00001C
RF24_setChannel@max_channel                             cstackCOMRAM 00001D
RF24_setDataRate@result                                 cstackCOMRAM 00001A
RF24_setDataRate@setup                                  cstackCOMRAM 00001C
RF24_setDataRate@speed                                  cstackCOMRAM 00001B
RF24_setRetries@count                                   cstackCOMRAM 00001A
RF24_setRetries@delay                                   cstackCOMRAM 00001D
RF24_spiTrans@cmd                                       cstackCOMRAM 000013
RF24_spiTrans@status                                    cstackCOMRAM 000014
RF24_startFastWrite@buf                                 cstackCOMRAM 000027
RF24_startFastWrite@len                                 cstackCOMRAM 000029
RF24_startFastWrite@multicast                           cstackCOMRAM 00002A
RF24_startFastWrite@startTx                             cstackCOMRAM 00002B
RF24_txStandBy_t@start                                  cstackCOMRAM 00002D
RF24_txStandBy_t@startTx                                cstackCOMRAM 000020
RF24_txStandBy_t@timeout                                cstackCOMRAM 00001C
RF24_writeFast_m@buf                                    cstackCOMRAM 000030
RF24_writeFast_m@len                                    cstackCOMRAM 000032
RF24_writeFast_m@multicast                              cstackCOMRAM 000033
RF24_write_payload@blank_len                            cstackCOMRAM 000020
RF24_write_payload@buf                                  cstackCOMRAM 000011
RF24_write_payload@current                              cstackCOMRAM 000021
RF24_write_payload@data_len                             cstackCOMRAM 000013
RF24_write_payload@status                               cstackCOMRAM 00001F
RF24_write_payload@writeType                            cstackCOMRAM 000014
RF24_write_register_c_d@buf                             cstackCOMRAM 000011
RF24_write_register_c_d@len                             cstackCOMRAM 000013
RF24_write_register_c_d@reg                             cstackCOMRAM 000017
RF24_write_register_c_d@status                          cstackCOMRAM 000016
RF24_write_register_d@reg                               cstackCOMRAM 000018
RF24_write_register_d@status                            cstackCOMRAM 000019
RF24_write_register_d@value                             cstackCOMRAM 000015
SPI_transfer@data                                       cstackCOMRAM 000004
Serial_begin@baud                                       cstackCOMRAM 000010
Serial_print@i                                          cstackCOMRAM 000025
Serial_print@val                                        cstackCOMRAM 000021
Serial_println@val                                      cstackCOMRAM 000027
Serial_tx@val                                           cstackCOMRAM 000003
_BAUDCONbits                                            (abs)        000FB8
_INTCONbits                                             (abs)        000FF2
_LATAbits                                               (abs)        000F89
_LATBbits                                               (abs)        000F8A
_LATCbits                                               (abs)        000F8B
_LATDbits                                               (abs)        000F8C
_LATEbits                                               (abs)        000F8D
_PIR1bits                                               (abs)        000F9E
_PORTAbits                                              (abs)        000F80
_PORTBbits                                              (abs)        000F81
_PORTCbits                                              (abs)        000F82
_PORTDbits                                              (abs)        000F83
_PORTEbits                                              (abs)        000F84
_RCREG                                                  (abs)        000FAE
_RCSTAbits                                              (abs)        000FAB
_RF24M_begin                                            text7        0040E6
_RF24M_checkConnection                                  text40       003E68
_RF24M_getAddress                                       text48       0029DE
_RF24M_getNodeID                                        text49       002E3E
_RF24M_init                                             text6        00508E
_RF24M_loadDHCP                                         text14       005090
_RF24M_renewAddress                                     text27       0031E4
_RF24M_requestAddress                                   text31       001B3C
_RF24M_setAddress                                       text44       003CE8
_RF24M_setNodeID                                        text5        00504C
_RF24M_update                                           text43       002C12
_RF24M_update$3532                                      cstackBANK0  0000CC
_RF24M_write                                            text25       0037AE
_RF24M_write_n                                          text26       00471C
_RF24NH_init                                            text56       004A9E
_RF24N__write                                           text54       003C12
_RF24N_available                                        text83       004E9E
_RF24N_begin                                            text33       004FDC
_RF24N_begin_d                                          text34       003B3A
_RF24N_direct_child_route_to                            text75       004C0A
_RF24N_enqueue                                          text69       001076
_RF24N_enqueue$2598                                     cstackCOMRAM 00002F
_RF24N_getFrame_buffer                                  text55       005042
_RF24N_getNetworkFlags                                  text42       00505C
_RF24N_init                                             text4        0046C0
_RF24N_is_descendant                                    text74       004D3C
_RF24N_is_direct_child                                  text73       00465C
_RF24N_is_valid_address                                 text91       004C40
_RF24N_levelToAddress                                   text89       004980
_RF24N_logicalToPhysicalAddress                         text72       00389E
_RF24N_multicast                                        text32       0045F8
_RF24N_multicast$3534                                   cstackCOMRAM 00006B
_RF24N_pipe_address                                     text82       00359A
_RF24N_read                                             text23       003478
_RF24N_setNetworkFlags                                  text30       005022
_RF24N_setReturnSysMsgs                                 text13       005054
_RF24N_setup_address                                    text39       003A5E
_RF24N_update                                           text100      0015EA
_RF24N_write                                            text101      001EBA
_RF24N_write_                                           text51       0021D0
_RF24N_write_m                                          text50       004D96
_RF24N_write_to_pipe                                    text76       003FC0
_RF24_available                                         text29       004FFC
_RF24_available_p                                       text88       004CDC
_RF24_begin                                             text8        003980
_RF24_begin$1976                                        cstackCOMRAM 00001E
_RF24_beginTransaction                                  text80       00507C
_RF24_ce_d                                              text85       004F1A
_RF24_closeReadingPipe                                  text62       004A16
_RF24_csn_d                                             text81       004F86
_RF24_enableDynamicPayloads                             text38       004DC0
_RF24_endTransaction                                    text79       005074
_RF24_flush_rx                                          text66       00506C
_RF24_flush_tx                                          text86       005084
_RF24_getDynamicPayloadSize                             text65       004BD2
_RF24_get_status                                        text61       005064
_RF24_init                                              text3        004B5E
_RF24_isValid                                           text90       004F36
_RF24_isValid$2089                                      cstackCOMRAM 000004
_RF24_openReadingPipe_d                                 text37       00334E
_RF24_openWritingPipe_d                                 text68       00436A
_RF24_powerUp                                           text87       004E34
_RF24_read                                              text67       004EFE
_RF24_read_payload                                      text59       004172
_RF24_read_payload$1946                                 cstackCOMRAM 000020
_RF24_read_register_d                                   text94       004EE0
_RF24_rxFifoFull                                        text41       00502E
_RF24_setAutoAck_p                                      text99       0048D8
_RF24_setChannel                                        text36       004DE8
_RF24_setChannel$1961                                   cstackCOMRAM 00001A
_RF24_setDataRate                                       text12       0044BE
_RF24_setRetries                                        text35       004E5A
_RF24_spiTrans                                          text60       004FB4
_RF24_startFastWrite                                    text63       004B9A
_RF24_startFastWrite$2014                               cstackCOMRAM 00002E
_RF24_startListening                                    text96       004880
_RF24_stopListening                                     text97       004528
_RF24_toggle_features_d                                 text11       004F9E
_RF24_txStandBy_t                                       text98       003DAC
_RF24_writeFast_m                                       text64       004ADE
_RF24_write_payload                                     text58       004054
_RF24_write_payload$1938                                cstackCOMRAM 000023
_RF24_write_payload$1939                                cstackCOMRAM 000025
_RF24_write_register_c_d                                text77       004C76
_RF24_write_register_d                                  text95       004EC0
_SPBRG                                                  (abs)        000FAF
_SPBRGH                                                 (abs)        000FB0
_SPI_begin                                              text10       004F52
_SPI_transfer                                           text78       004FEC
_SSPBUF                                                 (abs)        000FC9
_SSPCON1bits                                            (abs)        000FC6
_SSPSTATbits                                            (abs)        000FC7
_Serial_begin                                           text2        00427A
_Serial_print                                           text21       0042F4
_Serial_println                                         text20       004F6C
_Serial_tx                                              text22       005016
_T0CONbits                                              (abs)        000FD5
_TMR0H                                                  (abs)        000FD7
_TMR0L                                                  (abs)        000FD6
_TRISAbits                                              (abs)        000F92
_TRISBbits                                              (abs)        000F93
_TRISCbits                                              (abs)        000F94
_TRISDbits                                              (abs)        000F95
_TRISEbits                                              (abs)        000F96
_TXREG                                                  (abs)        000FAD
_TXSTAbits                                              (abs)        000FAC
__CFG_BOREN$OFF                                         (abs)        000000
__CFG_BORV$3                                            (abs)        000000
__CFG_CCP2MX$PORTC                                      (abs)        000000
__CFG_CP0$OFF                                           (abs)        000000
__CFG_CP1$OFF                                           (abs)        000000
__CFG_CP2$OFF                                           (abs)        000000
__CFG_CP3$OFF                                           (abs)        000000
__CFG_CPB$OFF                                           (abs)        000000
__CFG_CPD$OFF                                           (abs)        000000
__CFG_EBTR0$OFF                                         (abs)        000000
__CFG_EBTR1$OFF                                         (abs)        000000
__CFG_EBTR2$OFF                                         (abs)        000000
__CFG_EBTR3$OFF                                         (abs)        000000
__CFG_EBTRB$OFF                                         (abs)        000000
__CFG_FCMEN$OFF                                         (abs)        000000
__CFG_IESO$OFF                                          (abs)        000000
__CFG_LPT1OSC$OFF                                       (abs)        000000
__CFG_LVP$OFF                                           (abs)        000000
__CFG_MCLRE$ON                                          (abs)        000000
__CFG_OSC$HSPLL                                         (abs)        000000
__CFG_PBADEN$OFF                                        (abs)        000000
__CFG_PWRT$ON                                           (abs)        000000
__CFG_STVREN$OFF                                        (abs)        000000
__CFG_WDT$OFF                                           (abs)        000000
__CFG_WDTPS$32768                                       (abs)        000000
__CFG_WRT0$OFF                                          (abs)        000000
__CFG_WRT1$OFF                                          (abs)        000000
__CFG_WRT2$OFF                                          (abs)        000000
__CFG_WRT3$OFF                                          (abs)        000000
__CFG_WRTB$OFF                                          (abs)        000000
__CFG_WRTC$OFF                                          (abs)        000000
__CFG_WRTD$OFF                                          (abs)        000000
__CFG_XINST$OFF                                         (abs)        000000
__HRAM                                                  (abs)        000000
__Habs1                                                 abs1         000000
__Hbank0                                                bank0        000000
__Hbank1                                                bank1        000000
__Hbank10                                               bank10       000000
__Hbank11                                               bank11       000000
__Hbank12                                               bank12       000000
__Hbank13                                               bank13       000000
__Hbank14                                               bank14       000000
__Hbank15                                               bank15       000000
__Hbank2                                                bank2        000000
__Hbank3                                                bank3        000000
__Hbank4                                                bank4        000000
__Hbank5                                                bank5        000000
__Hbank6                                                bank6        000000
__Hbank7                                                bank7        000000
__Hbank8                                                bank8        000000
__Hbank9                                                bank9        000000
__Hbigbss                                               bigbss       000000
__Hbigdata                                              bigdata      000000
__Hbigram                                               bigram       000000
__Hbss                                                  bss          000000
__HbssBANK0                                             bssBANK0     000000
__HbssBANK1                                             bssBANK1     000000
__HbssBIGRAM                                            bssBIGRAM    000000
__HbssCOMRAM                                            bssCOMRAM    000000
__Hcinit                                                cinit        000000
__Hclrtext                                              clrtext      000000
__Hcomram                                               comram       000000
__Hconfig                                               config       30000E
__Hconst                                                const        000000
__HcstackBANK0                                          cstackBANK0  000000
__HcstackBANK1                                          cstackBANK1  000000
__HcstackCOMRAM                                         cstackCOMRAM 000000
__Hdata                                                 data         000000
__HdataBANK0                                            dataBANK0    000000
__HdataBANK1                                            dataBANK1    000000
__Heeprom_data                                          eeprom_data  000000
__Hend_init                                             end_init     00001C
__Hfarbss                                               farbss       000000
__Hfardata                                              fardata      000000
__Hibigdata                                             ibigdata     000000
__Hidata                                                idata        000000
__HidataBANK0                                           idataBANK0   000000
__HidataBANK1                                           idataBANK1   000000
__Hidloc                                                idloc        200008
__Hifardata                                             ifardata     000000
__Hinit                                                 init         000018
__Hintcode                                              intcode      000014
__Hintcode_body                                         intcode_body 000000
__Hintcodelo                                            intcodelo    000014
__Hintentry                                             intentry     000000
__Hintret                                               intret       000000
__Hintsave_regs                                         intsave_regs 000000
__Hirdata                                               irdata       000000
__Hmediumconst                                          mediumconst  000000
__HnvFARRAM                                             nvFARRAM     000000
__Hnvbit                                                nvbit        000000
__Hnvrram                                               nvrram       000000
__Hparam                                                rparam       000000
__Hpowerup                                              powerup      000014
__Hram                                                  ram          000000
__Hramtop                                               ramtop       001000
__Hrbit                                                 rbit         000000
__Hrbss                                                 rbss         000000
__Hrdata                                                rdata        000000
__Hreset_vec                                            reset_vec    000004
__Hrparam                                               rparam       000000
__Hsfr                                                  sfr          000000
__Hsmallconst                                           smallconst   001076
__Hspace_0                                              (abs)        30000E
__Hspace_1                                              (abs)        000326
__Hspace_2                                              (abs)        000F80
__Hstack                                                stack        000F80
__Hstruct                                               struct       000000
__Htemp                                                 temp         00007A
__Htext                                                 text         000000
__Htext0                                                text0        000000
__Htext1                                                text1        000000
__Htext10                                               text10       000000
__Htext100                                              text100      000000
__Htext101                                              text101      000000
__Htext11                                               text11       000000
__Htext12                                               text12       000000
__Htext13                                               text13       000000
__Htext14                                               text14       000000
__Htext15                                               text15       000000
__Htext16                                               text16       000000
__Htext17                                               text17       000000
__Htext18                                               text18       000000
__Htext19                                               text19       000000
__Htext2                                                text2        000000
__Htext20                                               text20       000000
__Htext21                                               text21       000000
__Htext22                                               text22       000000
__Htext23                                               text23       000000
__Htext24                                               text24       000000
__Htext25                                               text25       000000
__Htext26                                               text26       000000
__Htext27                                               text27       000000
__Htext28                                               text28       000000
__Htext29                                               text29       000000
__Htext3                                                text3        000000
__Htext30                                               text30       000000
__Htext31                                               text31       000000
__Htext32                                               text32       000000
__Htext33                                               text33       000000
__Htext34                                               text34       000000
__Htext35                                               text35       000000
__Htext36                                               text36       000000
__Htext37                                               text37       000000
__Htext38                                               text38       000000
__Htext39                                               text39       000000
__Htext4                                                text4        000000
__Htext40                                               text40       000000
__Htext41                                               text41       000000
__Htext42                                               text42       000000
__Htext43                                               text43       000000
__Htext44                                               text44       000000
__Htext45                                               text45       000000
__Htext46                                               text46       000000
__Htext47                                               text47       000000
__Htext48                                               text48       000000
__Htext49                                               text49       000000
__Htext5                                                text5        000000
__Htext50                                               text50       000000
__Htext51                                               text51       000000
__Htext52                                               text52       000000
__Htext53                                               text53       000000
__Htext54                                               text54       000000
__Htext55                                               text55       000000
__Htext56                                               text56       000000
__Htext57                                               text57       000000
__Htext58                                               text58       000000
__Htext59                                               text59       000000
__Htext6                                                text6        000000
__Htext60                                               text60       000000
__Htext61                                               text61       000000
__Htext62                                               text62       000000
__Htext63                                               text63       000000
__Htext64                                               text64       000000
__Htext65                                               text65       000000
__Htext66                                               text66       000000
__Htext67                                               text67       000000
__Htext68                                               text68       000000
__Htext69                                               text69       000000
__Htext7                                                text7        000000
__Htext70                                               text70       000000
__Htext71                                               text71       000000
__Htext72                                               text72       000000
__Htext73                                               text73       000000
__Htext74                                               text74       000000
__Htext75                                               text75       000000
__Htext76                                               text76       000000
__Htext77                                               text77       000000
__Htext78                                               text78       000000
__Htext79                                               text79       000000
__Htext8                                                text8        000000
__Htext80                                               text80       000000
__Htext81                                               text81       000000
__Htext82                                               text82       000000
__Htext83                                               text83       000000
__Htext84                                               text84       000000
__Htext85                                               text85       000000
__Htext86                                               text86       000000
__Htext87                                               text87       000000
__Htext88                                               text88       000000
__Htext89                                               text89       000000
__Htext9                                                text9        000000
__Htext90                                               text90       000000
__Htext91                                               text91       000000
__Htext92                                               text92       000000
__Htext93                                               text93       000000
__Htext94                                               text94       000000
__Htext95                                               text95       000000
__Htext96                                               text96       000000
__Htext97                                               text97       000000
__Htext98                                               text98       000000
__Htext99                                               text99       000000
__LRAM                                                  (abs)        000001
__Labs1                                                 abs1         000000
__Lbank0                                                bank0        000000
__Lbank1                                                bank1        000000
__Lbank10                                               bank10       000000
__Lbank11                                               bank11       000000
__Lbank12                                               bank12       000000
__Lbank13                                               bank13       000000
__Lbank14                                               bank14       000000
__Lbank15                                               bank15       000000
__Lbank2                                                bank2        000000
__Lbank3                                                bank3        000000
__Lbank4                                                bank4        000000
__Lbank5                                                bank5        000000
__Lbank6                                                bank6        000000
__Lbank7                                                bank7        000000
__Lbank8                                                bank8        000000
__Lbank9                                                bank9        000000
__Lbigbss                                               bigbss       000000
__Lbigdata                                              bigdata      000000
__Lbigram                                               bigram       000000
__Lbss                                                  bss          000000
__LbssBANK0                                             bssBANK0     000000
__LbssBANK1                                             bssBANK1     000000
__LbssBIGRAM                                            bssBIGRAM    000000
__LbssCOMRAM                                            bssCOMRAM    000000
__Lcinit                                                cinit        000000
__Lclrtext                                              clrtext      000000
__Lcomram                                               comram       000000
__Lconfig                                               config       300000
__Lconst                                                const        000000
__LcstackBANK0                                          cstackBANK0  000000
__LcstackBANK1                                          cstackBANK1  000000
__LcstackCOMRAM                                         cstackCOMRAM 000000
__Ldata                                                 data         000000
__LdataBANK0                                            dataBANK0    000000
__LdataBANK1                                            dataBANK1    000000
__Leeprom_data                                          eeprom_data  000000
__Lend_init                                             end_init     000018
__Lfarbss                                               farbss       000000
__Lfardata                                              fardata      000000
__Libigdata                                             ibigdata     000000
__Lidata                                                idata        000000
__LidataBANK0                                           idataBANK0   000000
__LidataBANK1                                           idataBANK1   000000
__Lidloc                                                idloc        200000
__Lifardata                                             ifardata     000000
__Linit                                                 init         000014
__Lintcode                                              intcode      000008
__Lintcode_body                                         intcode_body 000000
__Lintcodelo                                            intcodelo    000014
__Lintentry                                             intentry     000000
__Lintret                                               intret       000000
__Lintsave_regs                                         intsave_regs 000000
__Lirdata                                               irdata       000000
__Lmediumconst                                          mediumconst  000000
__LnvFARRAM                                             nvFARRAM     000000
__Lnvbit                                                nvbit        000000
__Lnvrram                                               nvrram       000000
__Lparam                                                rparam       000000
__Lpowerup                                              powerup      000014
__Lram                                                  ram          000000
__Lramtop                                               ramtop       001000
__Lrbit                                                 rbit         000000
__Lrbss                                                 rbss         000000
__Lrdata                                                rdata        000000
__Lreset_vec                                            reset_vec    000000
__Lrparam                                               rparam       000000
__Lsfr                                                  sfr          000000
__Lsmallconst                                           smallconst   001000
__Lspace_0                                              (abs)        000000
__Lspace_1                                              (abs)        000000
__Lspace_2                                              (abs)        000000
__Lstack                                                stack        000326
__Lstruct                                               struct       000000
__Ltemp                                                 temp         00006E
__Ltext                                                 text         000000
__Ltext0                                                text0        000000
__Ltext1                                                text1        000000
__Ltext10                                               text10       000000
__Ltext100                                              text100      000000
__Ltext101                                              text101      000000
__Ltext11                                               text11       000000
__Ltext12                                               text12       000000
__Ltext13                                               text13       000000
__Ltext14                                               text14       000000
__Ltext15                                               text15       000000
__Ltext16                                               text16       000000
__Ltext17                                               text17       000000
__Ltext18                                               text18       000000
__Ltext19                                               text19       000000
__Ltext2                                                text2        000000
__Ltext20                                               text20       000000
__Ltext21                                               text21       000000
__Ltext22                                               text22       000000
__Ltext23                                               text23       000000
__Ltext24                                               text24       000000
__Ltext25                                               text25       000000
__Ltext26                                               text26       000000
__Ltext27                                               text27       000000
__Ltext28                                               text28       000000
__Ltext29                                               text29       000000
__Ltext3                                                text3        000000
__Ltext30                                               text30       000000
__Ltext31                                               text31       000000
__Ltext32                                               text32       000000
__Ltext33                                               text33       000000
__Ltext34                                               text34       000000
__Ltext35                                               text35       000000
__Ltext36                                               text36       000000
__Ltext37                                               text37       000000
__Ltext38                                               text38       000000
__Ltext39                                               text39       000000
__Ltext4                                                text4        000000
__Ltext40                                               text40       000000
__Ltext41                                               text41       000000
__Ltext42                                               text42       000000
__Ltext43                                               text43       000000
__Ltext44                                               text44       000000
__Ltext45                                               text45       000000
__Ltext46                                               text46       000000
__Ltext47                                               text47       000000
__Ltext48                                               text48       000000
__Ltext49                                               text49       000000
__Ltext5                                                text5        000000
__Ltext50                                               text50       000000
__Ltext51                                               text51       000000
__Ltext52                                               text52       000000
__Ltext53                                               text53       000000
__Ltext54                                               text54       000000
__Ltext55                                               text55       000000
__Ltext56                                               text56       000000
__Ltext57                                               text57       000000
__Ltext58                                               text58       000000
__Ltext59                                               text59       000000
__Ltext6                                                text6        000000
__Ltext60                                               text60       000000
[...]
		_RF24_txStandBy_t
		_RF24_read
		_RF24_openWritingPipe_d
		_RF24_openReadingPipe_d
		_RF24_closeReadingPipe
		_RF24_enableDynamicPayloads
		_RF24_setAutoAck_p
		_RF24_setDataRate
		_RF24_setRetries
		_RF24_powerDown
		_RF24_write_m
		_RF24_reUseTX
		_RF24_txStandBy
		_RF24_maskIRQ
		_RF24_whatHappened
		_RF24_openWritingPipe
		_RF24_setAddressWidth
		_RF24_openReadingPipe
		_RF24_enableAckPayload
		_RF24_enableDynamicAck
		_RF24_setAutoAck
		_RF24_setPALevel
		_RF24_setCRCLength
		_RF24_disableCRC
 This function uses a non-reentrant model


 *************** function _RF24_startListening *****************
 Defined at:
		line 723 in file "../../../RF24_c/RF24_cg.c"
 Parameters:    Size  Location     Type
		None
 Auto vars:     Size  Location     Type
		None
 Return value:  Size  Location     Type
                  1    wreg      void 
 Registers used:
		wreg, fsr2l, fsr2h, status,2, status,0, tblptrl, tblptrh, tblptru, prodl, prodh, cstack
 Tracked objects:
		On entry : 
		On exit  : 
		Unchanged: 
 Data sizes:     COMRAM   BANK0   BANK1   BANK2   BANK3   BANK4   BANK5   BANK6   BANK7   BANK8   BANK9  BANK10  BANK11  BANK12  BANK13  BANK14  BANK15
      Params:         0       0       0       0       0       0       0       0       0       0       0       0       0       0       0       0       0
      Locals:         0       0       0       0       0       0       0       0       0       0       0       0       0       0       0       0       0
      Temps:          1       0       0       0       0       0       0       0       0       0       0       0       0       0       0       0       0
      Totals:         1       0       0       0       0       0       0       0       0       0       0       0       0       0       0       0       0
Total ram usage:        1 bytes
 Hardware stack levels used:    1
 Hardware stack levels required when called:    6
 This function calls:
		_RF24_ce_d
		_RF24_closeReadingPipe
		_RF24_flush_tx
		_RF24_powerUp
		_RF24_read_register_d
		_RF24_write_register_c_d
		_RF24_write_register_d
 This function is called by:
		_RF24N_begin_d
		_RF24N_write_
		_RF24N_write
		_RF24M_setChannel
 This function uses a non-reentrant model


 *************** function _RF24_stopListening *****************
 Defined at:
		line 754 in file "../../../RF24_c/RF24_cg.c"
 Parameters:    Size  Location     Type
		None
 Auto vars:     Size  Location     Type
		None
 Return value:  Size  Location     Type
                  1    wreg      void 
 Registers used:
		wreg, status,2, status,0, tblptrl, tblptrh, tblptru, cstack
 Tracked objects:
		On entry : 
		On exit  : 
		Unchanged: 
 Data sizes:     COMRAM   BANK0   BANK1   BANK2   BANK3   BANK4   BANK5   BANK6   BANK7   BANK8   BANK9  BANK10  BANK11  BANK12  BANK13  BANK14  BANK15
      Params:         0       0       0       0       0       0       0       0       0       0       0       0       0       0       0       0       0
      Locals:         0       0       0       0       0       0       0       0       0       0       0       0       0       0       0       0       0
      Temps:          2       0       0       0       0       0       0       0       0       0       0       0       0       0       0       0       0
      Totals:         2       0       0       0       0       0       0       0       0       0       0       0       0       0       0       0       0
Total ram usage:        2 bytes
 Hardware stack levels used:    1
 Hardware stack levels required when called:    6
 This function calls:
		_RF24_ce_d
		_RF24_flush_tx
		_RF24_read_register_d
		_RF24_write_register_d
		_delayMicroseconds
 This function is called by:
		_RF24_txStandBy_t
		_RF24M_checkConnection
		_RF24M_renewAddress
		_RF24M_requestAddress
		_RF24N_enqueue
		_RF24N_write_
		_RF24N_write_to_pipe
 This function uses a non-reentrant model


 *************** function _RF24_txStandBy_t *****************
 Defined at:
		line 1018 in file "../../../RF24_c/RF24_cg.c"
 Parameters:    Size  Location     Type
  timeout         4   27[COMRAM] unsigned long 
  startTx         1   31[COMRAM] unsigned char 
 Auto vars:     Size  Location     Type
  start           4   44[COMRAM] unsigned long 
 Return value:  Size  Location     Type
                  1    wreg      unsigned char 
 Registers used:
		wreg, status,2, status,0, tblptrl, tblptrh, tblptru, cstack
 Tracked objects:
		On entry : 
		On exit  : 
		Unchanged: 
 Data sizes:     COMRAM   BANK0   BANK1   BANK2   BANK3   BANK4   BANK5   BANK6   BANK7   BANK8   BANK9  BANK10  BANK11  BANK12  BANK13  BANK14  BANK15
      Params:         5       0       0       0       0       0       0       0       0       0       0       0       0       0       0       0       0
      Locals:         8       0       0       0       0       0       0       0       0       0       0       0       0       0       0       0       0
      Temps:          8       0       0       0       0       0       0       0       0       0       0       0       0       0       0       0       0
      Totals:        21       0       0       0       0       0       0       0       0       0       0       0       0       0       0       0       0
Total ram usage:       21 bytes
 Hardware stack levels used:    1
 Hardware stack levels required when called:    7
 This function calls:
		_RF24_ce_d
		_RF24_flush_tx
		_RF24_get_status
		_RF24_read_register_d
		_RF24_stopListening
		_RF24_write_register_d
		_millis
 This function is called by:
		_RF24N_write_
		_RF24N_write
		_RF24N_write_to_pipe
 This function uses a non-reentrant model


 *************** function _RF24_setAutoAck_p *****************
 Defined at:
		line 1387 in file "../../../RF24_c/RF24_cg.c"
 Parameters:    Size  Location     Type
  pipe            1    wreg     unsigned char 
  enable          1   25[COMRAM] unsigned char 
 Auto vars:     Size  Location     Type
  pipe            1   31[COMRAM] unsigned char 
  en_aa           1   30[COMRAM] unsigned char 
 Return value:  Size  Location     Type
                  1    wreg      void 
 Registers used:
		wreg, status,2, status,0, cstack
 Tracked objects:
		On entry : 
		On exit  : 
		Unchanged: 
 Data sizes:     COMRAM   BANK0   BANK1   BANK2   BANK3   BANK4   BANK5   BANK6   BANK7   BANK8   BANK9  BANK10  BANK11  BANK12  BANK13  BANK14  BANK15
      Params:         1       0       0       0       0       0       0       0       0       0       0       0       0       0       0       0       0
      Locals:         4       0       0       0       0       0       0       0       0       0       0       0       0       0       0       0       0
      Temps:          2       0       0       0       0       0       0       0       0       0       0       0       0       0       0       0       0
      Totals:         7       0       0       0       0       0       0       0       0       0       0       0       0       0       0       0       0
Total ram usage:        7 bytes
 Hardware stack levels used:    1
 Hardware stack levels required when called:    5
 This function calls:
		_RF24_read_register_d
		_RF24_write_register_d
 This function is called by:
		_RF24N_begin_d
		_RF24N_write_
		_RF24N_write
		_RF24N_write_to_pipe
 This function uses a non-reentrant model


 *************** function _RF24N_update *****************
 Defined at:
		line 226 in file "../../../RF24Network_c/RF24Network_cg.c"
 Parameters:    Size  Location     Type
		None
 Auto vars:     Size  Location     Type
  val             1  [STACK] unsigned char 
  requester       2    0        unsigned int 
  header          2  [STACK] PTR struct .
		 -> rn.frame_buffer(32), rn(370), 
  returnVal       1  [STACK] unsigned char 
  pipe_num        1  [STACK] unsigned char 
 Return value:  Size  Location     Type
                  1  [STACK] unsigned char 
 Registers used:
		wreg, fsr0l, fsr0h, fsr1l, fsr1h, fsr2l, fsr2h, status,2, status,0, pclat, btemp, btemp+1, btemp+2, btemp+3, btemp+4, btemp+5, btemp+6, btemp+7, btemp+8, btemp+9, btemp+10, btemp+11, tosl, structret, tblptrl, tblptrh, tblptru, prodl, prodh, bsr, cstack
 Tracked objects:
		On entry : 
		On exit  : 
		Unchanged: 
 Data sizes:     COMRAM   BANK0   BANK1   BANK2   BANK3   BANK4   BANK5   BANK6   BANK7   BANK8   BANK9  BANK10  BANK11  BANK12  BANK13  BANK14  BANK15
      Params:         0       0       0       0       0       0       0       0       0       0       0       0       0       0       0       0       0
      Locals:         0       0       0       0       0       0       0       0       0       0       0       0       0       0       0       0       0
      Temps:          0       0       0       0       0       0       0       0       0       0       0       0       0       0       0       0       0
      Totals:         0       0       0       0       0       0       0       0       0       0       0       0       0       0       0       0       0
Total ram usage:        0 bytes
 Hardware stack levels used:    1
 Hardware stack levels required when called:   10
 This function calls:
		_RF24N_available
		_RF24N_enqueue
		_RF24N_is_valid_address
		_RF24N_levelToAddress
		_RF24N_write
		_RF24_available_p
		_RF24_getDynamicPayloadSize
		_RF24_isValid
		_RF24_read
		_delay
 This function is called by:
		_RF24M_update
		_RF24M_getAddress
		_RF24M_getNodeID
		_RF24M_requestAddress
		_RF24N_write_
		_RF24N_write
		_RF24M_DHCP
 This function uses a recursive model


 *************** function _RF24N_write *****************
 Defined at:
		line 981 in file "../../../RF24Network_c/RF24Network_cg.c"
 Parameters:    Size  Location     Type
  to_node         2  [STACK] unsigned int 
  directTo        1  [STACK] unsigned char 
 Auto vars:     Size  Location     Type
  header          2  [STACK] PTR struct .
		 -> rn.frame_buffer(32), rn(370), 
  conversion      4  [STACK] struct .
  reply_time      4  [STACK] unsigned long 
  ok              1  [STACK] unsigned char 
  isAckType       1  [STACK] unsigned char 
 Return value:  Size  Location     Type
                  1  [STACK] unsigned char 
 Registers used:
		wreg, fsr0l, fsr0h, fsr1l, fsr1h, fsr2l, fsr2h, status,2, status,0, pclat, btemp, btemp+1, btemp+2, btemp+3, btemp+4, btemp+5, btemp+6, btemp+7, btemp+8, btemp+9, btemp+10, btemp+11, tosl, structret, tblptrl, tblptrh, tblptru, prodl, prodh, bsr, cstack
 Tracked objects:
		On entry : 
		On exit  : 
		Unchanged: 
 Data sizes:     COMRAM   BANK0   BANK1   BANK2   BANK3   BANK4   BANK5   BANK6   BANK7   BANK8   BANK9  BANK10  BANK11  BANK12  BANK13  BANK14  BANK15
      Params:         0       0       0       0       0       0       0       0       0       0       0       0       0       0       0       0       0
      Locals:         0       0       0       0       0       0       0       0       0       0       0       0       0       0       0       0       0
      Temps:          0       0       0       0       0       0       0       0       0       0       0       0       0       0       0       0       0
      Totals:         0       0       0       0       0       0       0       0       0       0       0       0       0       0       0       0       0
Total ram usage:        0 bytes
 Hardware stack levels used:    1
 Hardware stack levels required when called:    9
 This function calls:
		_RF24N_is_valid_address
		_RF24N_logicalToPhysicalAddress
		_RF24N_update
		_RF24N_write_to_pipe
		_RF24_setAutoAck_p
		_RF24_startListening
		_RF24_txStandBy_t
		_millis
 This function is called by:
		_RF24N_update
		_RF24N__write
 This function uses a recursive model


 *************** function _isr *****************
 Defined at:
		line 13 in file "pic_main.c"
 Parameters:    Size  Location     Type
		None
 Auto vars:     Size  Location     Type
		None
 Return value:  Size  Location     Type
                  1    wreg      void 
 Registers used:
		wreg, status,2, status,0
 Tracked objects:
		On entry : 
		On exit  : 
		Unchanged: 
 Data sizes:     COMRAM   BANK0   BANK1   BANK2   BANK3   BANK4   BANK5   BANK6   BANK7   BANK8   BANK9  BANK10  BANK11  BANK12  BANK13  BANK14  BANK15
      Params:         0       0       0       0       0       0       0       0       0       0       0       0       0       0       0       0       0
      Locals:         0       0       0       0       0       0       0       0       0       0       0       0       0       0       0       0       0
      Temps:          2       0       0       0       0       0       0       0       0       0       0       0       0       0       0       0       0
      Totals:         2       0       0       0       0       0       0       0       0       0       0       0       0       0       0       0       0
Total ram usage:        2 bytes
 Hardware stack levels used:    1
 This function calls:
		Nothing
 This function is called by:
		Interrupt level 2
 This function uses a non-reentrant model



MODULE INFORMATION

Module		Function		Class		Link	Load	Size
../../../RF24_c/utility/XC8/spi.c
		_millis        		CODE           	4FCA	0000	19
		_delay         		CODE           	49CC	0000	75
		_delayMicroseconds		CODE           	4B1E	0000	65
		_SPI_begin     		CODE           	4F52	0000	27
		_digitalWrite  		CODE           	2760	0000	639
		_pinMode       		CODE           	24E2	0000	639
		_SPI_transfer  		CODE           	4FEC	0000	17

../../../RF24_c/utility/XC8/spi.c estimated size: 1481

serial.c
		_itoa_         		CODE           	4D0E	0000	47
		_Serial_tx     		CODE           	5016	0000	13
		_Serial_begin  		CODE           	427A	0000	123
		_Serial_print  		CODE           	42F4	0000	119
		_Serial_println		CODE           	4F6C	0000	27

serial.c estimated size: 329

/opt/microchip/xc8/v1.36/sources/common/memcpy.c
		_memcpy        		CODE           	4828	0000	89

/opt/microchip/xc8/v1.36/sources/common/memcpy.c estimated size: 89

/opt/microchip/xc8/v1.36/sources/common/Umul16.c
		___wmul        		CODE           	4E0E	0000	39

/opt/microchip/xc8/v1.36/sources/common/Umul16.c estimated size: 39

/opt/microchip/xc8/v1.36/sources/common/lldiv.c
		___lldiv       		CODE           	41F8	0000	131

/opt/microchip/xc8/v1.36/sources/common/lldiv.c estimated size: 131

../../../RF24_c/RF24_cg.c
		_RF24_setChannel		CODE           	4DE8	0000	39
		_RF24_txStandBy_t		CODE           	3DAC	0000	189
		_RF24_setRetries		CODE           	4E5A	0000	35
		_RF24_available_p		CODE           	4CDC	0000	51
		_RF24_read     		CODE           	4EFE	0000	29
		_RF24_openReadingPipe_d		CODE           	334E	0000	299
		_RF24_openWritingPipe_d		CODE           	436A	0000	119
		_RF24_write_payload		CODE           	4054	0000	147
		_RF24_spiTrans 		CODE           	4FB4	0000	23
		_RF24_init     		CODE           	4B5E	0000	61
		_RF24_available		CODE           	4FFC	0000	15
		_RF24_endTransaction		CODE           	5074	0000	9
		_RF24_closeReadingPipe		CODE           	4A16	0000	71
		_RF24_beginTransaction		CODE           	507C	0000	9
		_RF24_read_payload		CODE           	4172	0000	135
		_RF24_stopListening		CODE           	4528	0000	107
		_RF24_getDynamicPayloadSize		CODE           	4BD2	0000	57
		_RF24_enableDynamicPayloads		CODE           	4DC0	0000	41
		_RF24_powerUp  		CODE           	4E34	0000	39
		_RF24_toggle_features_d		CODE           	4F9E	0000	23
		_RF24_read_register_d		CODE           	4EE0	0000	31
		_RF24_setDataRate		CODE           	44BE	0000	107
		_RF24_csn_d    		CODE           	4F86	0000	25
		_RF24_begin    		CODE           	3980	0000	223
		_RF24_write_register_d		CODE           	4EC0	0000	33
		_RF24_setAutoAck_p		CODE           	48D8	0000	87
		_RF24_isValid  		CODE           	4F36	0000	29
		_RF24_rxFifoFull		CODE           	502E	0000	11
		_RF24_startListening		CODE           	4880	0000	89
		_RF24_startFastWrite		CODE           	4B9A	0000	57
		_RF24_writeFast_m		CODE           	4ADE	0000	65
		_RF24_get_status		CODE           	5064	0000	9
		_RF24_write_register_c_d		CODE           	4C76	0000	53
		_RF24_flush_rx 		CODE           	506C	0000	9
		_RF24_flush_tx 		CODE           	5084	0000	9
		_RF24_ce_d     		CODE           	4F1A	0000	29

../../../RF24_c/RF24_cg.c estimated size: 2364

RF24Mesh_Example.c
		_loop          		CODE           	304C	0000	409
		_setup         		CODE           	4778	0000	89

RF24Mesh_Example.c estimated size: 498

../../RF24Mesh_cg.c
		_RF24M_write_n 		CODE           	471C	0000	93
		_RF24M_getAddress		CODE           	29DE	0000	565
		_RF24M_renewAddress		CODE           	31E4	0000	363
		_RF24M_init    		CODE           	508E	0000	3
		_RF24M_getNodeID		CODE           	2E3E	0000	527
		_RF24M_setAddress		CODE           	3CE8	0000	197
		_RF24M_begin   		CODE           	40E6	0000	141
		_RF24M_loadDHCP		CODE           	5090	0000	3
		_RF24M_setNodeID		CODE           	504C	0000	9
		_RF24M_update  		CODE           	2C12	0000	557
		_RF24M_requestAddress		CODE           	1B3C	0000	895
		_RF24M_checkConnection		CODE           	3E68	0000	185
		_RF24M_write   		CODE           	37AE	0000	241

../../RF24Mesh_cg.c estimated size: 3779

umalloc.c
		_malloc        		CODE           	47D0	0000	89
		_free          		CODE           	5038	0000	11
		_realloc       		CODE           	4E7C	0000	35

umalloc.c estimated size: 135

/opt/microchip/xc8/v1.36/sources/common/ltoa.c
		_ultoa         		CODE           	36B8	0000	247

/opt/microchip/xc8/v1.36/sources/common/ltoa.c estimated size: 247

../../../RF24Network_c/RF24Network_cg.c
		_RF24N_pipe_address		CODE           	359A	0000	287
		_RF24N_write_to_pipe		CODE           	3FC0	0000	149
		_RF24N_write   		CODE           	1EBA	0000	791
		_RF24N_getNetworkFlags		CODE           	505C	0000	9
		_RF24N_write_  		CODE           	21D0	0000	787
		_RF24N_logicalToPhysicalAddress		CODE           	389E	0000	227
		_RF24N_write_m 		CODE           	4D96	0000	43
		_RF24N_getFrame_buffer		CODE           	5042	0000	11
		_RF24N_setNetworkFlags		CODE           	5022	0000	13
		_RF24N_init    		CODE           	46C0	0000	93
		_RF24N_available		CODE           	4E9E	0000	35
		_RF24N_direct_child_route_to		CODE           	4C0A	0000	55
		_RF24N_setReturnSysMsgs		CODE           	5054	0000	9
		_RF24N__write  		CODE           	3C12	0000	215
		_RF24N_is_valid_address		CODE           	4C40	0000	55
		_RF24N_read    		CODE           	3478	0000	291
		_RF24N_begin   		CODE           	4FDC	0000	17
		_RF24NH_init   		CODE           	4A9E	0000	65
		_RF24N_begin_d 		CODE           	3B3A	0000	217
		_RF24N_update  		CODE           	15EA	0000	1363
		_RF24N_levelToAddress		CODE           	4980	0000	77
		_RF24N_multicast		CODE           	45F8	0000	101
		_RF24N_enqueue 		CODE           	1076	0000	1397
		_RF24N_is_direct_child		CODE           	465C	0000	101
		_RF24N_is_descendant		CODE           	4D3C	0000	47
		_RF24N_setup_address		CODE           	3A5E	0000	221

../../../RF24Network_c/RF24Network_cg.c estimated size: 6676

pic_main.c
		_main          		CODE           	4CAA	0000	51
		_isr           		CODE           	0008	0000	57

pic_main.c estimated size: 108

/opt/microchip/xc8/v1.36/sources/common/lwmod.c
		___lwmod       		CODE           	4A5C	0000	67

/opt/microchip/xc8/v1.36/sources/common/lwmod.c estimated size: 67

shared
		_child_pipe    		SMALLCONST     	1007	0000	7
		_child_pipe_enable		SMALLCONST     	100D	0000	7
		__initialization		CODE           	4450	0000	105
		_child_payload_size		SMALLCONST     	1001	0000	7

shared estimated size: 126

/opt/microchip/xc8/v1.36/sources/common/awmod.c
		___awmod       		CODE           	43E0	0000	113

/opt/microchip/xc8/v1.36/sources/common/awmod.c estimated size: 113

/opt/microchip/xc8/v1.36/sources/common/llmod.c
		___llmod       		CODE           	4592	0000	103

/opt/microchip/xc8/v1.36/sources/common/llmod.c estimated size: 103

/opt/microchip/xc8/v1.36/sources/common/memmove.c
		_memmove       		CODE           	3F20	0000	161

/opt/microchip/xc8/v1.36/sources/common/memmove.c estimated size: 161

/opt/microchip/xc8/v1.36/sources/common/lwdiv.c
		___lwdiv       		CODE           	492E	0000	83

/opt/microchip/xc8/v1.36/sources/common/lwdiv.c estimated size: 83

